[dotenv@17.2.3] injecting env (3) from .env -- tip: 🔄 add secrets lifecycle management: https://dotenvx.com/ops


  BLEBridgeV9
    Initialization
      ✔ Should initialize with correct parameters
      ✔ Should reject initialization with zero minSigs
      ✔ Should reject initialization with one minSig
      ✔ Should reject initialization with zero MUSD address
      ✔ Should reject initialization with ratio below 100%
    Attestation Processing
      ✔ Should process valid attestation with sufficient signatures
      ✔ Should reject attestation with insufficient signatures
      ✔ Should reject attestation with wrong nonce
      ✔ Should reject reused attestation ID
      ✔ Should reject unsorted signatures
      ✔ Should reject future timestamp
      ✔ Should reject stale attestation
    Rate Limiting
      ✔ Should enforce daily cap increase limit
      ✔ Should reset rate limit after 24 hours
    Emergency Functions
      ✔ Should allow emergency role to pause
      ✔ Should require admin role to unpause
      ✔ Should allow emergency cap reduction
      ✔ Should reject cap increase via emergency function
      ✔ Should invalidate attestation IDs
    Admin Functions
      ✔ Should update min signatures
      ✔ Should update collateral ratio with cooldown
      ✔ Should reject ratio change > 10%
      ✔ Should update daily cap increase limit
    Paused State
      ✔ Should reject attestations when paused
    BRIDGE-M-04: Relayer Access Control
      ✔ Should reject processAttestation from non-relayer
      ✔ Should allow processAttestation from granted relayer
      ✔ Should reject processAttestation after relayer role is revoked
    Bridge to Canton (ETH → Canton)
      ✔ Should bridge mUSD to Canton successfully
      ✔ Should increment nonce on each bridge-out
      ✔ Should emit unique requestIds for each bridge-out
      ✔ Should reject zero amount
      ✔ Should reject amount below minimum
      ✔ Should reject empty canton recipient
      ✔ Should reject canton recipient without :: delimiter
      ✔ Should accept canton recipient with valid :: delimiter
      ✔ Should reject when paused
      ✔ Should reject when user has insufficient balance
      ✔ Should reject when user has not approved bridge
      ✔ Should allow admin to update bridge-out minimum
      ✔ Should allow zero minimum (no minimum enforcement)
      ✔ Should restrict setBridgeOutMinAmount to admin

  BorrowModule
    Deployment
      ✔ Should initialize with correct parameters
      ✔ Should set interest rate correctly
      ✔ Should set minimum debt correctly
    Borrowing
      ✔ Should allow borrowing against collateral
      ✔ Should reject borrow exceeding LTV
      ✔ Should reject borrow below minimum debt
      ✔ Should emit Borrowed event
    Repayment
      ✔ Should allow full repayment
      ✔ Should accrue interest over time and require more to repay
      ✔ Should emit Repaid event
    Health Factor
      ✔ Should calculate correct health factor
      ✔ Should return max health factor with no debt
    Interest Accrual
      ✔ Should accrue interest over time
    Collateral Withdrawal
      ✔ Should allow withdrawal while maintaining health
      ✔ Should prevent withdrawal that would make position unhealthy
    View Functions
      ✔ Should return max borrow amount correctly
    Admin Functions
      ✔ Should allow admin to set interest rate
      ✔ Should reject interest rate above maximum
      ✔ Should reject non-admin setting interest rate
      ✔ Should allow admin to set minimum debt

  BorrowModule — Extended Coverage
    borrowFor / repayFor
      ✔ leverageVault role can borrowFor a user
      ✔ borrowFor reverts from non-LEVERAGE_VAULT_ROLE
      ✔ leverageVault role can repayFor a user
      ✔ repayFor reverts from non-LEVERAGE_VAULT_ROLE
    reduceDebt / absorbBadDebt
      ✔ liquidator can reduceDebt for a user
      ✔ reduceDebt reverts from non-LIQUIDATION_ROLE
      ✔ absorbBadDebt adds to protocol bad debt
      ✔ absorbBadDebt reverts with zero amount
      ✔ absorbBadDebt reverts from non-LIQUIDATION_ROLE
    Admin config functions
      ✔ timelock can setInterestRateModel
      ✔ setInterestRateModel reverts with zero address
      ✔ setInterestRateModel reverts from non-timelock
      ✔ timelock can setSMUSD
      ✔ setSMUSD reverts with zero address
      ✔ timelock can setTreasury
      ✔ setTreasury reverts with zero address
    withdrawReserves
      ✔ reverts when no reserves exist
      ✔ reverts with zero address recipient
      ✔ reverts from non-TIMELOCK_ROLE
    Pause/Unpause
      ✔ pauser can pause
      ✔ timelock can unpause
      ✔ pause reverts from non-PAUSER_ROLE
      ✔ unpause reverts from non-TIMELOCK_ROLE
    Interest accrual
      ✔ accrueInterest updates user position after time passes
      ✔ accrueGlobalInterest updates protocol totals
      ✔ accrueInterest with dynamic rate model
    drainPendingInterest
      ✔ reverts when no pending interest
      ✔ reverts from non-TIMELOCK_ROLE
    reconcileTotalBorrows
      ✔ borrowAdmin can reconcile with valid borrower list
      ✔ reverts from non-BORROW_ADMIN_ROLE
    View functions
      ✔ getUtilizationRate returns 0 with no borrows
      ✔ getCurrentBorrowRate returns fallback rate with no model
      ✔ getCurrentBorrowRate returns model rate when set
      ✔ getCurrentSupplyRate returns a value with no borrows
      ✔ getCurrentSupplyRate with dynamic model + borrows
      ✔ getTotalSupply returns a default with no treasury
      ✔ borrowCapacity reflects available capacity
      ✔ healthFactorUnsafe returns value for active position

  TEST-003: parseInt radix 10 correctness
    ✔ should parse standard decimal port strings correctly
    ✔ should parse poll interval and retry config strings
    ✔ should not misinterpret leading zeros as octal
    ✔ should return NaN for empty or non-numeric strings
    ✔ should parse negative numbers correctly
    ✔ should truncate floating point strings to integer

  TEST-003: RPC URL transport security validation
    ✔ should flag http:// URLs to remote hosts as insecure
    ✔ should NOT flag https:// URLs as insecure
    ✔ should NOT flag localhost HTTP URLs (dev environment)
    ✔ should NOT flag 127.0.0.1 HTTP URLs (loopback)
    ✔ should NOT flag empty string
    ✔ should handle URLs with paths correctly

  TEST-003: unhandledRejection handling pattern
    ✔ process should have at least one unhandledRejection listener
    ✔ should be possible to register and remove an unhandledRejection listener
    ✔ unhandledRejection handler receives reason and promise

  TEST-003: Graceful shutdown patterns
    ✔ should support SIGTERM listener registration and removal
    ✔ should support SIGINT listener registration and removal
    ✔ YieldScanner can be stopped gracefully
    ✔ YieldScanner getBestOpportunity returns null before first scan
    ✔ YieldScanner getLastScan returns null before first scan

  TEST-003: Configuration validation patterns
    Default config values
      ✔ YieldScanner defaults should have sane minimums
      ✔ YieldScanner config override should merge correctly
    JSON size bounds (B-H03)
      ✔ normal validator config should be well under 10KB limit
      ✔ bloated config should exceed 10KB limit
    Environment variable fallback patterns
      ✔ OR-fallback produces correct default for missing env vars
      ✔ OR-fallback preserves env var value when set
      ✔ boolean config from env var string comparison

  TEST-003: YieldScanner scan and filter logic
    ✔ scan() should return a valid ScanResult structure
    ✔ scan() should update lastScan cache
    ✔ getBestOpportunity returns null when no opportunities exist
    ✔ opportunity filtering by APY/risk/TVL thresholds works correctly
    ✔ risk-adjusted sorting ranks higher APY/lower risk first

  Bridge Nonce Sync (Canton ↔ Solidity)
    Initialization
      ✔ Both Solidity nonce counters start at 0
      ✔ DAML model starts at 0 matching Solidity
    Inbound attestation nonce (Canton→ETH)
      ✔ Sequential attestations increment currentNonce 1-by-1
      ✔ Rejects nonce gap (skipping nonce 2)
      ✔ Rejects nonce replay (re-submitting nonce 1)
      ✔ Rejects nonce 0 (must start at 1)
    Outbound bridge-out nonce (ETH→Canton)
      ✔ bridgeOutNonce increments independently of currentNonce
    Cross-direction nonce independence
      ✔ Interleaved bridge-in/out maintains both counters correctly
    DAML BridgeService single-counter desync risk
      ✔ Models DAML single-counter desync: bridge-out then bridge-in
      ✔ Models DAML single-counter desync: multiple bridge-outs before bridge-in
      ✔ Models correct behavior: pure bridge-in sequence (no desync)
      ✔ Models correct behavior: pure bridge-out sequence (no desync)
      ✔ Models fixed architecture: separate directional nonce counters
    forceUpdateNonce emergency recovery
      ✔ Can recover from stuck nonce via emergency function
      ✔ forceUpdateNonce must be strictly increasing
      ✔ forceUpdateNonce doesn't affect bridgeOutNonce
      ✔ forceUpdateNonce requires EMERGENCY_ROLE
      ✔ forceUpdateNonce requires reason
    High-volume nonce stress
      ✔ 20 sequential attestations maintain strict monotonicity (40ms)
      ✔ Interleaved bridge-in/out over 30 operations (41ms)
    Nonce after forceUpdate + resumed attestations
      ✔ Attestation after forceUpdate must use new nonce + 1

  CollateralVault
    Collateral Config
      ✔ should add collateral with correct parameters
      ✔ should reject duplicate collateral add
      ✔ should reject zero address collateral
      ✔ should reject factor >= threshold
      ✔ should reject threshold > 95%
      ✔ should reject penalty > 20%
      ✔ should cap at 50 supported tokens (59ms)
      ✔ should disable and re-enable collateral
      ✔ should reject deposits on disabled collateral
      ✔ should reject unauthorized config changes
    Deposits
      ✔ should accept deposits
      ✔ should reject zero amount deposits
      ✔ should reject deposits for unsupported tokens
      ✔ should emit Deposited event
      ✔ depositFor: should credit deposit to specified user
      ✔ depositFor: should reject from non-LEVERAGE_VAULT_ROLE
    Withdrawals
      ✔ should allow withdrawal via BORROW_MODULE_ROLE
      ✔ should reject over-withdrawal
      ✔ should reject unauthorized withdrawal
      ✔ withdrawFor: should send collateral to specified recipient
      ✔ withdrawFor: should reject zero recipient
    Seize
      ✔ should seize collateral to liquidator
      ✔ should reject seize exceeding deposit
      ✔ should reject seize without LIQUIDATION_ROLE
    View Functions
      ✔ should return correct deposit amount
      ✔ should return supported tokens list

  BLEBridgeV9 — Coverage Boost
    View Functions
      ✔ getCurrentSupplyCap should return MUSD supply cap
      ✔ getRemainingMintable should return cap - totalSupply
      ✔ calculateSupplyCap should return assets / collateralRatio
      ✔ getNetDailyCapIncrease should return 0 initially
      ✔ getRemainingDailyCapLimit should return full limit initially
      ✔ getHealthRatio should return max uint256 when no supply
      ✔ getHealthRatio should return correct ratio after attestation
    MUSD Token — setMUSDToken
      ✔ Should update MUSD token via setMUSDToken
      ✔ Should reject setMUSDToken with zero address
      ✔ Should reject setMUSDToken from non-timelock
    Emergency Functions — Additional Branches
      ✔ forceUpdateNonce should update nonce
      ✔ forceUpdateNonce should reject from non-emergency
      ✔ migrateUsedAttestations should mark IDs as used
      ✔ migrateUsedAttestations should reject from non-admin
      ✔ unpause() view function should revert directing to requestUnpause
      ✔ Should reject unpause execution before timelock
    Rate Limit Edge Cases
      ✔ Should track cap decreases separately from increases
      ✔ Should handle attestation with exactly MIN_ATTESTATION_GAP
      ✔ Should reject attestation too soon after last
    Collateral Ratio Edge Cases
      ✔ Should reject ratio change without cooldown
      ✔ Should allow ratio change after cooldown
      ✔ Should reject ratio below minimum (10000)
    Min Signatures Edge Cases
      ✔ Should reject minSignatures of 0
      ✔ Should reject minSignatures of 1
      ✔ Should reject minSignatures > 10

  BLEBridgeV9 — Branch Coverage Boost
    Initialization
      ✔ should revert INVALID_DAILY_LIMIT when _dailyCapIncreaseLimit is 0
    emergencyReduceCap
      ✔ should revert SUB_SUPPLY_CAP_REQUIRES_ADMIN when cap < totalSupply from non-admin
      ✔ should revert REASON_REQUIRED when reason is empty
    setDailyCapIncreaseLimit
      ✔ should revert INVALID_LIMIT when _limit is 0
    migrateUsedAttestations — zero previous bridge
      ✔ should revert INVALID_PREVIOUS_BRIDGE when previousBridge is zero
    setCollateralRatio — triggers _updateSupplyCap
      ✔ should update supply cap when attestedCantonAssets > 0
    pause — cancels pending unpause
      ✔ should cancel pending unpause and emit UnpauseCancelled
    requestUnpause — not paused
      ✔ should revert NOT_PAUSED when bridge is not paused
    executeUnpause — no pending request
      ✔ should revert NO_UNPAUSE_REQUEST when no unpause was requested
    processAttestation — zero assets
      ✔ should revert ZERO_ASSETS when cantonAssets is 0
    processAttestation — non-RELAYER caller
      ✔ should revert when caller lacks RELAYER_ROLE (BRIDGE-M-04)
    invalidateAttestationId
      ✔ should revert ALREADY_USED when attestation ID was already marked
      ✔ should revert REASON_REQUIRED when reason is empty
    _updateSupplyCap — no-op path
      ✔ should not emit SupplyCapUpdated when calculated cap == current cap
    _updateSupplyCap — cap decrease
      ✔ should decrease cap and track in dailyCapDecreased
    _handleRateLimitCapIncrease — exhausted
      ✔ should revert DAILY_CAP_LIMIT_EXHAUSTED after limit is fully used
    getHealthRatio — supply > 0, no attestation
      ✔ should return 0 when totalSupply > 0 but attestedCantonAssets == 0
    View functions — window-expired branches
      ✔ getNetDailyCapIncrease returns 0 after 24h window expires
      ✔ getRemainingDailyCapLimit returns full limit after 24h window expires
      ✔ getRemainingDailyCapLimit returns 0 when limit is fully exhausted within window

  CoverageBoost — DirectMintV2
    Constructor — missing zero-address branches
      ✔ Should revert when treasury is zero address
      ✔ Should revert when feeRecipient is zero address
    mintFor — TreasuryReceiver integration
      ✔ Should mint mUSD to recipient via MINTER_ROLE caller
      ✔ Should mint with zero fees
      ✔ Should revert when recipient is zero address
      ✔ Should revert when below minimum mint
      ✔ Should revert when above maximum mint
      ✔ Should revert when exceeding supply cap
      ✔ Should revert when paused
      ✔ Should revert when caller lacks MINTER_ROLE
    Redeem — uncovered branches
      ✔ Should revert redeem above max
      ✔ Should revert redeem when paused
      ✔ Should apply minimum 1-wei fee when redeemFeeBps > 0 and fee rounds to zero
      ✔ Should correctly track redeem fees
      ✔ Should apply minimum 1-wei fee for small amounts with non-zero redeemFeeBps
    View Functions
      ✔ previewMint — should return correct musdOut and fee
      ✔ previewMint — zero fee when mintFeeBps = 0
      ✔ previewRedeem — should return correct usdcOut and fee
      ✔ previewRedeem — zero fee when redeemFeeBps = 0
      ✔ previewRedeem — min-fee-of-1 when fee rounds to zero but redeemFeeBps > 0
      ✔ remainingMintable — cap > supply
      ✔ remainingMintable — cap == supply → 0
      ✔ totalTreasuryValue — should return treasury value
      ✔ availableForRedemption — should return available reserves
      ✔ totalAccumulatedFees — should return sum of mint + redeem fees
      ✔ totalAccumulatedFees — sums both mint and redeem fees
    setFees — validation branches
      ✔ setFees — should revert REDEEM_FEE_TOO_HIGH
      ✔ setFees — both at max should succeed
      ✔ setFees — access control (non-timelock reverts)
    setFeeRecipient — validation branches
      ✔ setFeeRecipient — should revert with zero address
      ✔ setFeeRecipient — should update feeRecipient
      ✔ setFeeRecipient — access control (non-timelock reverts)
    setLimits — validation branches
      ✔ setLimits — should revert INVALID_REDEEM_LIMITS (min > max)
      ✔ setLimits — should apply limits directly
      ✔ setLimits — both pairs at boundary (min == max) should succeed
      ✔ setLimits — access control (non-timelock reverts)
    Fee Withdrawal — uncovered paths
      ✔ withdrawFees — should revert NO_FEES when no mint fees accrued
      ✔ withdrawFees — access control (non-FEE_MANAGER reverts)
      ✔ withdrawRedeemFees — should revert NO_REDEEM_FEES when none accrued
      ✔ withdrawRedeemFees — should transfer redeem fees to feeRecipient
      ✔ withdrawRedeemFees — access control (non-FEE_MANAGER reverts)
    Pause / Unpause — separation of duties
      ✔ unpause — should require DEFAULT_ADMIN_ROLE
      ✔ pause — non-PAUSER reverts
      ✔ Should pause and unpause correctly
      ✔ mint should work after unpause
    recoverToken — all branches
      ✔ Should recover arbitrary ERC20 tokens
      ✔ Should revert when trying to recover USDC
      ✔ Should revert when trying to recover mUSD
      ✔ Should revert for non-admin caller
    Access Control — exhaustive role checks
      ✔ setLimits — only timelock
      ✔ setFeeRecipient — only timelock
      ✔ recoverToken — only DEFAULT_ADMIN_ROLE
    Edge cases & boundary values
      ✔ Mint exactly at minMintAmount boundary
      ✔ Mint exactly at maxMintAmount boundary
      ✔ Redeem exactly at minRedeemAmount boundary
      ✔ Mint with maximum fee (5%) should work
      ✔ Multiple mints accumulate fees correctly
      ✔ Constants are correct

  socializeBadDebt — Incomplete List Invariant
    ✔ Should NOT clear all badDebt when borrower list is incomplete (39ms)
    ✔ badDebt should decrease by totalReduced, not socializeAmount, when list is incomplete

  Treasury — Recovery Fee
    ✔ peakRecordedValue should be initialized to 0 (114ms)
    ✔ peakRecordedValue should track deposits
    ✔ peakRecordedValue getter should be accessible

  CoverageBoost — Misc Contracts
    TreasuryV2 — Uncovered Branches
      ✔ should skip fee accrual when called within MIN_ACCRUAL_INTERVAL
      ✔ should detect spike as recovery and skip fee accrual
      ✔ should skip fees when value recovers to below peak (high-water mark)
      ✔ should charge fees only on yield above peak (partial recovery + new yield)
      ✔ should claim fees and handle partial reserve
      ✔ should return early from claimFees when no fees accrued
      ✔ should revert withdrawToVault when liquidity insufficient
      ✔ should keep depositFromVault below minAutoAllocateAmount in reserve
      ✔ should revert depositFromVault with zero amount
      ✔ should revert withdrawToVault with zero amount
      ✔ should revert legacy deposit with zero amount
      ✔ should revert legacy withdraw with zero amount
      ✔ should revert legacy withdraw when insufficient reserves after strategy pull
      ✔ should handle auto-allocate with no auto-allocate strategies
      ✔ should return 0 when all strategies have zero value
      ✔ should emit StrategyWithdrawFailed when strategy withdraw fails
      ✔ should revert updateStrategy if total allocation exceeds BPS
      ✔ should revert setVault from non-timelock
      ✔ should revert recoverToken for the primary asset
      ✔ should recover a non-primary token
      ✔ should revert setMinAutoAllocate with zero
      ✔ should return 0 from totalValueNet when accrued fees exceed total
      ✔ should return early from rebalance when total is 0
      ✔ should handle broken strategy during rebalance
      ✔ should emit StrategyWithdrawFailed on emergency with broken strategy
    LiquidationEngine — Uncovered Branches
      ✔ should revert on invalid constructor args
      ✔ should revert liquidate with zero debtToRepay
      ✔ should revert liquidate below MIN_LIQUIDATION_AMOUNT
      ✔ should allow full liquidation when HF is severely low
      ✔ should cap seize amount at available collateral
      ✔ should return false for isLiquidatable when no debt
      ✔ should revert when borrower tries to self-liquidate
      ✔ should revert when liquidation amount is below minimum
      ✔ should cap estimateSeize at available collateral
      ✔ should revert setCloseFactor with invalid value
      ✔ should revert setCloseFactor from non-timelock
      ✔ should revert setFullLiquidationThreshold with invalid value
      ✔ should revert setFullLiquidationThreshold from non-timelock
      ✔ should pause and require DEFAULT_ADMIN_ROLE for unpause
    CollateralVault — Uncovered Branches
      ✔ should revert setBorrowModule with zero address
      ✔ should revert setBorrowModule from non-timelock
      ✔ should accept addCollateral with low penalty (no lower bound check)
      ✔ should revert addCollateral from non-timelock
      ✔ should revert updateCollateral for disabled token
      ✔ should revert updateCollateral with invalid factor
      ✔ should revert updateCollateral with threshold > 9500
      ✔ should revert updateCollateral with penalty out of range
      ✔ should revert updateCollateral from non-timelock
      ✔ should revert enableCollateral for token never added
      ✔ should revert enableCollateral for already enabled token
      ✔ should revert disableCollateral for unsupported token
      ✔ should revert depositFor with zero address user
      ✔ should revert depositFor with zero amount
      ✔ should revert withdrawFor with insufficient deposit
      ✔ should revert withdrawFor with zero recipient
      ✔ should allow withdrawFor with skipHealthCheck=true
      ✔ should revert seize with insufficient collateral
      ✔ should pause deposits and require admin for unpause
    DepositRouter — Uncovered Branches
      ✔ should revert constructor with zero wormhole relayer
      ✔ should revert constructor with zero token bridge
      ✔ should revert constructor with zero directMint
      ✔ should revert constructor with zero admin
      ✔ should revert depositFor with zero recipient
      ✔ should revert deposit with zero amount
      ✔ should revert deposit below minimum
      ✔ should revert deposit above maximum
      ✔ should revert setTreasury with zero address
      ✔ should revert setDirectMint with zero address
      ✔ should revert setFee above 5%
      ✔ should update fee successfully
      ✔ should succeed withdrawFees when no fees accumulated (transfers 0)
      ✔ should revert withdrawFees to zero address
      ✔ should revert markDepositComplete for unknown sequence
      ✔ should revert emergencyWithdraw on zero amount
      ✔ should revert USDC emergencyWithdraw when not paused
      ✔ should allow USDC emergencyWithdraw when paused
      ✔ should allow native token emergency withdrawal
      ✔ should allow non-USDC token emergency withdrawal when paused
      ✔ should separate pause and unpause roles
      ✔ should correctly preview deposit fees
    TreasuryReceiver — Uncovered Branches
      ✔ should revert constructor with zero usdc
      ✔ should revert constructor with zero wormhole
      ✔ should revert constructor with zero tokenBridge
      ✔ should revert constructor with zero directMint
      ✔ should revert constructor with zero treasury (46ms)
      ✔ should allow authorizeRouter with zero bytes32
      ✔ should authorize and revoke router
      ✔ should revert setDirectMint with zero address
      ✔ should revert setTreasury with zero address
      ✔ should update directMint address
      ✔ should update treasury address
      ✔ should revert emergencyWithdraw to zero address
      ✔ should allow USDC emergencyWithdraw when paused
      ✔ should allow USDC emergencyWithdraw when paused
      ✔ should revert claimPendingMint for non-existent hash
      ✔ should enforce pause/unpause role separation
    SMUSD — Uncovered Branches
      ✔ should revert syncCantonShares with non-sequential epoch
      ✔ should revert syncCantonShares when called too frequently
      ✔ should reject initial canton shares exceeding 2x ETH shares
      ✔ should revert when subsequent sync increase exceeds 5%
      ✔ should revert when subsequent sync decrease exceeds 5%
      ✔ should revert receiveInterest with zero amount
      ✔ should revert receiveInterest when no shares exist
      ✔ should revert receiveInterest exceeding cap
      ✔ should revert distributeYield when no shares exist
      ✔ should revert distributeYield with zero amount
      ✔ should revert distributeYield exceeding cap
      ✔ should set treasury successfully
      ✔ should revert setTreasury with zero address
      ✔ should return 0 for maxWithdraw when paused
      ✔ should return 0 for maxRedeem when paused
      ✔ should return 0 for maxDeposit when paused
      ✔ should return 0 for maxMint when paused
      ✔ should return 0 for maxWithdraw during cooldown
      ✔ should propagate stricter cooldown on transfer
      ✔ should revert with NoTreasury when treasury reverts and no cache
      ✔ should return default price when no shares exist
    SMUSDPriceAdapter — Uncovered Branches
      ✔ should revert constructor with zero smusd
      ✔ should return last known price when totalSupply too low
      ✔ should clamp share price to min bound
      ✔ should clamp share price to max bound
      ✔ should rate-limit price increase per block
      ✔ should rate-limit price decrease per block
      ✔ should revert setSharePriceBounds with zero min
      ✔ should revert setSharePriceBounds with max <= min
      ✔ should revert setSharePriceBounds with max > $10
      ✔ should revert setDonationProtection with zero supply
      ✔ should revert setDonationProtection with zero change
      ✔ should revert setDonationProtection with change > 50%
      ✔ should increment round
      ✔ should return same data from getRoundData
      ✔ should return correct description and version
    LeverageVault — Uncovered Branches
      ✔ should revert constructor with zero swapRouter
      ✔ should revert constructor with zero collateralVault
      ✔ should revert constructor with zero borrowModule
      ✔ should revert constructor with zero priceOracle
      ✔ should revert constructor with zero musd
      ✔ should revert setConfig with invalid maxLoops
      ✔ should revert setConfig with slippage too high
      ✔ should accept setConfig with any fee tier (no fee tier validation)
      ✔ should accept valid setConfig
      ✔ should revert setMaxLeverage with invalid values
      ✔ should accept valid setMaxLeverage
      ✔ should revert enableToken with zero address
      ✔ should revert enableToken with invalid fee tier
      ✔ should disable token
      ✔ should return 0 for getEffectiveLeverage with no position
      ✔ should revert emergencyWithdraw with zero token
      ✔ should revert emergencyWithdraw with invalid token (EOA)
      ✔ should revert emergencyWithdraw from non-admin
      ✔ should enforce pause/unpause role separation
      ✔ should revert openLeveragedPosition for disabled token
      ✔ should revert openLeveragedPosition with expired deadline

  PendleMarketSelector — Coverage Boost
    View Functions
      ✔ whitelistedCount should return correct count (57ms)
      ✔ getWhitelistedMarkets should return all markets
      ✔ getMarketInfo should return info for whitelisted market
    Market Selection
      ✔ selectBestMarket should revert with no markets
      ✔ getValidMarkets should return empty for non-matching category
      ✔ getValidMarkets should filter expired markets
      ✔ getValidMarkets should filter markets too close to expiry
    Market Removal
      ✔ Should remove market and update array correctly
      ✔ Should revert when removing non-whitelisted market
      ✔ Should revert removal from non-admin
    Whitelist Edge Cases
      ✔ Should allow re-whitelisting same market with different category
      ✔ Should reject batch whitelist with zero address
      ✔ Should reject batch > 50 markets
    Parameter Validation
      ✔ Should reject weights not summing to 10000
      ✔ Should update all parameters

  PendleMarketSelector — Full Coverage Boost
    initialize
      ✔ reverts when admin is zero address (76ms)
    selectBestMarket — with valid markets
      ✔ selects the highest-scoring market among multiple valid markets (54ms)
      ✔ selects the only valid market when all others are filtered
      ✔ reverts NoValidMarkets when all markets are expired
      ✔ reverts NoValidMarkets for empty category (no markets match)
      ✔ reverts NoValidMarkets when markets are whitelisted but none in that category
    getValidMarkets — filtering & scoring
      ✔ filters out markets below minTvlUsd
      ✔ filters out markets below minApyBps
      ✔ filters out markets too close to expiry (partial expiry filtering)
      ✔ returns empty when all whitelisted markets in category are expired
      ✔ scores multiple valid markets with different TVL & APY
      ✔ returns single-element with score=10000 when only one market passes
      ✔ handles removed (de-whitelisted) market still in array gracefully
    getMarketInfo — oracle integration
      ✔ returns correct MarketInfo for a whitelisted market
      ✔ returns zero APY when implied rate is zero
      ✔ returns info for non-whitelisted market (raw _getMarketInfo path)
      ✔ returns zero timeToExpiry for expired market
      ✔ uses oracle ptToSyRate for TVL calculation
    _lnRateToAPY edge cases
      ✔ returns 0 APY when timeToExpiry is 0
      ✔ returns higher APY for shorter time-to-expiry with same rate
      ✔ handles very large implied rate
    _calculateScores
      ✔ all-TVL weighting: market with highest TVL wins
      ✔ all-APY weighting: market with highest APY wins
      ✔ equal markets get equal scores
    whitelistMarket — edge cases
      ✔ reverts on zero address
      ✔ reverts when MAX_WHITELISTED_MARKETS is reached (719ms)
      ✔ does not duplicate when whitelisting already-whitelisted market
      ✔ emits MarketWhitelisted event
      ✔ rejects whitelistMarket from non-admin
    whitelistMarkets (batch)
      ✔ reverts on length mismatch
      ✔ successfully batch-whitelists multiple markets
      ✔ handles duplicate in same batch without double-counting
      ✔ reverts batch from non-admin
      ✔ reverts batch that would exceed MAX_WHITELISTED_MARKETS (986ms)
    removeMarket — swap-and-pop
      ✔ removes the last element correctly (no swap needed)
      ✔ removes a middle element via swap-and-pop
      ✔ emits MarketRemoved event
      ✔ clears marketCategory on removal
      ✔ reverts MarketNotWhitelisted for unknown market
    setParams — branches
      ✔ reverts InvalidWeights when sum < 10000
      ✔ reverts InvalidWeights when sum > 10000
      ✔ emits ParamsUpdated on success
      ✔ reverts from non-PARAMS_ADMIN
      ✔ allows zero minTimeToExpiry
    Constants and view getters
      ✔ PENDLE_ORACLE constant matches expected address
      ✔ TWAP_DURATION is 900
      ✔ BPS is 10000
      ✔ SECONDS_PER_YEAR is 365 days
      ✔ MAX_WHITELISTED_MARKETS is 100
      ✔ timelock role is set correctly
      ✔ default params are set correctly after initialize
      ✔ whitelistedMarkets array is accessible by index
      ✔ isWhitelisted returns false for unknown address
      ✔ marketCategory returns empty string for unknown market
    Role-based access control
      ✔ MARKET_ADMIN_ROLE and PARAMS_ADMIN_ROLE are distinct
      ✔ non-timelock user cannot whitelist markets
      ✔ non-timelock user cannot setParams

  PendleStrategyV2 — Coverage Boost
    Initialization
      ✔ Should set correct asset (236ms)
      ✔ Should be active after initialization
      ✔ Should have default slippage of 50 bps
      ✔ Should have default PT discount rate of 1000 bps (10%)
      ✔ Should have default rollover threshold of 7 days
      ✔ Should reject zero USDC address in initialize (47ms)
      ✔ Should reject zero market selector in initialize (81ms)
    View Functions
      ✔ totalValue should return 0 when no deposits
      ✔ ptBalance should return 0 initially
      ✔ currentMarket should be zero address initially
      ✔ shouldRollover should be true with no current market
      ✔ timeToExpiry should be 0 with no market
      ✔ marketCategory should return correct category
    Admin Functions
      ✔ Should update slippage
      ✔ Should reject slippage > MAX_SLIPPAGE_BPS
      ✔ Should update PT discount rate
      ✔ Should reject PT discount rate > 5000
      ✔ Should update rollover threshold
      ✔ Should reject rollover threshold < 1 day
      ✔ Should update market selector
      ✔ Should toggle active status
      ✔ Should reject admin functions from unauthorized
    Emergency Controls
      ✔ Should pause from guardian
      ✔ Should unpause from admin (DEFAULT_ADMIN_ROLE)
      ✔ Should allow guardian to emergency withdraw USDC to treasury
      ✔ Should allow admin to recover non-USDC tokens
      ✔ Should reject recover for USDC
      ✔ Should reject recover from non-admin
    Deposit Authorization
      ✔ Should reject deposit from non-treasury
      ✔ Should reject deposit when paused
      ✔ Should reject deposit of 0
      ✔ Should reject withdraw from non-treasury
      ✔ Should reject withdrawAll from non-treasury
    Rollover
      ✔ Should reject rollToNewMarket from non-strategist
      ✔ Should reject triggerRollover from non-strategist

  PendleStrategyV2 — Full Coverage
    deposit() — happy path
      ✔ deposits USDC, receives PT, emits Deposited (68ms)
      ✔ second deposit into same market accumulates PT
    deposit() — auto-rollover
      ✔ rolls to new market when near expiry
      ✔ auto-selects market on first deposit (currentMarket == 0)
    withdraw() — happy path
      ✔ pre-maturity: uses swapExactPtForToken
      ✔ post-maturity: uses redeemPyToToken
      ✔ caps ptNeeded at ptBalance when withdrawing more than available
    withdraw() — reverts
      ✔ ZeroAmount
      ✔ NoMarketSet (no prior deposit)
    withdrawAll() — happy path
      ✔ redeems all PT and transfers to treasury
      ✔ includes dust USDC in the transfer
    withdrawAll() — zero balance
      ✔ returns 0 without reverting when no PT
    rollToNewMarket()
      ✔ rolls when near expiry (redeem old PT → select new → re-deposit)
      ✔ rolls when no market set (currentMarket == 0)
      ✔ rolls with zero ptBalance (no re-deposit)
    rollToNewMarket() — revert
      ✔ RolloverNotNeeded when market is active
    triggerRollover()
      ✔ triggers rollover with RolloverTriggered + MarketRolled events
      ✔ daysRemaining is 0 when fully expired
      ✔ calculates daysRemaining correctly when near expiry
    triggerRollover() — revert
      ✔ RolloverNotNeeded when market active
    shouldRollover() paths
      ✔ true when no market set (currentMarket == 0)
      ✔ false when market active with plenty of time
      ✔ true when near expiry (within threshold)
      ✔ true when expired
    _selectNewMarket() reverts
      ✔ NO_VALID_MARKET when selector returns address(0)
      ✔ INVALID_PT_TOKEN when pt is address(0)
    PT valuation (_ptToUsdc / _usdcToPt)
      ✔ totalValue < deposit amount (time discount before maturity)
      ✔ 1:1 value at maturity (expired market)
      ✔ timeRemaining clamped to 1 year for >1yr expiry
      ✔ _usdcToPt: more PT consumed than USDC value (discount)
      ✔ _ptToUsdc with zero ptBalance returns 0 in totalValue
    totalValue()
      ✔ 0 when empty
      ✔ USDC balance only when currentMarket == 0
      ✔ ptValue + usdcBalance after deposit
      ✔ expired market gives 1:1 PT value
    isActive()
      ✔ true when active and not paused
      ✔ false when inactive
      ✔ false when paused
    emergencyWithdraw()
      ✔ redeems PT + transfers USDC to treasury + pauses
      ✔ works with zero PT (only USDC dust)
      ✔ reverts with ZERO_RECIPIENT
      ✔ reverts when recipient lacks TREASURY_ROLE
    recoverToken()
      ✔ cannot recover USDC
      ✔ cannot recover PT after market selected
      ✔ can recover random tokens
    setMarketSelector()
      ✔ reverts with zero address
      ✔ updates selector
    Access control
      ✔ deposit: non-treasury reverts
      ✔ deposit: reverts when not active
      ✔ deposit: reverts when paused
      ✔ deposit: ZeroAmount
      ✔ withdraw: non-treasury reverts
      ✔ withdrawAll: non-treasury reverts
      ✔ rollToNewMarket: non-strategist reverts
      ✔ triggerRollover: non-strategist reverts
      ✔ setSlippage: non-strategist reverts
      ✔ setPtDiscountRate: non-strategist reverts
      ✔ setRolloverThreshold: non-strategist reverts
      ✔ setMarketSelector: non-admin reverts
      ✔ setActive: non-guardian reverts
      ✔ emergencyWithdraw: non-guardian reverts
      ✔ pause: non-guardian reverts
      ✔ unpause: non-admin reverts (guardian cannot)
      ✔ recoverToken: non-admin reverts
    Admin setters
      ✔ setSlippage emits SlippageUpdated
      ✔ setSlippage > MAX_SLIPPAGE_BPS reverts
      ✔ setPtDiscountRate emits PtDiscountRateUpdated
      ✔ setPtDiscountRate > 5000 reverts
      ✔ setRolloverThreshold emits RolloverThresholdUpdated
      ✔ setRolloverThreshold < 1 day reverts
      ✔ setRolloverThreshold > 30 days reverts
      ✔ setActive toggles
      ✔ pause / unpause
    Initialization
      ✔ revert zero USDC (271ms)
      ✔ revert zero marketSelector (106ms)
      ✔ revert zero treasury (94ms)
      ✔ revert zero admin (102ms)
      ✔ asset() returns USDC
      ✔ defaults set correctly
    timeToExpiry()
      ✔ 0 when no market
      ✔ positive after deposit
      ✔ 0 after expiry

  Cross-Chain E2E: Canton ↔ Ethereum Bridge
    1. Canton → Ethereum: Attestation-driven supply cap
      ✔ should process a Canton attestation and update mUSD supply cap
      ✔ should chain multiple attestations with linked state hashes
      ✔ should enforce rate limiting on rapid supply cap increases
    2. Ethereum → Canton: Bridge-out (burn + relay pickup)
      ✔ should burn mUSD and emit BridgeToCantonRequested event
      ✔ should allow relay to create BridgeOutRequest on Canton via mock API (40ms)
      ✔ should reject bridge-out below minimum amount
      ✔ should reject bridge-out with invalid Canton party format
    3. Full round-trip: Canton attestation → mint → bridge-out → re-attest
      ✔ should complete a full Canton↔Ethereum lifecycle
    4. Relay CantonClient integration with mock Canton
      ✔ should query attestation request contracts from Canton
      ✔ should exercise a choice on a Canton contract
      ✔ should handle Canton API timeout gracefully
    5. Bridge event ABI compatibility with relay
      ✔ should emit AttestationReceived with fields relay expects
      ✔ should emit BridgeToCantonRequested with fields relay expects
      ✔ should emit SupplyCapUpdated for relay monitoring
    6. Cross-chain attack scenarios
      ✔ should prevent double-spend via attestation replay
      ✔ should prevent supply inflation via stale attestation
      ✔ should prevent bridge-out during emergency pause
      ✔ should prevent unauthorized validator from inflating supply

  DEEP AUDIT – Full Protocol Integration
    1. Mint Flow
      ✔ should mint mUSD 1:1 from USDC (minus 1% fee)
      ✔ should redeem mUSD back to USDC (0% default redeem fee)
      ✔ should handle decimal conversion correctly (USDC 6 → mUSD 18)
      ✔ should enforce supply cap on mint
      ✔ should reject mint below minimum amount
      ✔ should reject mint above maximum amount
      ✔ should allow mintFor by MINTER_ROLE
      ✔ should reject mintFor without MINTER_ROLE
    2. Collateral Vault
      ✔ should accept WETH deposits
      ✔ should accept WBTC deposits
      ✔ should reject deposits for unsupported tokens
      ✔ should reject zero amount deposits
      ✔ should disable/enable collateral correctly
      ✔ should enforce max 50 supported tokens (138ms)
    3. Lending & Borrowing
      ✔ should allow borrowing within LTV
      ✔ should reject borrowing exceeding borrow capacity
      ✔ should reject borrow below minimum debt
      ✔ should accrue interest over time
      ✔ should allow full repayment
      ✔ should allow partial repayment
      ✔ should correctly track totalBorrows accounting
      ✔ should prevent collateral withdrawal that breaks health factor
    4. Liquidation Engine
      ✔ should reject liquidation on healthy position
      ✔ should liquidate after price drop
      ✔ should enforce close factor (max 50% liquidation)
      ✔ should allow full liquidation when health < 0.5
      ✔ should prevent self-liquidation
      ✔ should prevent dust liquidations
      ✔ should correctly compute WBTC seizure with 8 decimals
    5. Treasury Strategy Disbursement
      ✔ should auto-allocate deposits to strategies
      ✔ should keep reserve buffer in treasury
      ✔ should accrue performance fees on yield
      ✔ should rebalance strategies to target allocations
      ✔ should handle strategy removal with full withdrawal
    6. Staked mUSD (smUSD)
      ✔ should deposit mUSD and receive shares
      ✔ should enforce 24h cooldown on withdrawal
      ✔ should propagate fresh cooldown via transfer
    7. Bridge Attestation (BLEBridgeV9)
      ✔ should process valid attestation with sufficient signatures
      ✔ should reject attestation with insufficient signatures
      ✔ should reject replay attestation
      ✔ should reject attestation with wrong nonce
      ✔ should reject expired attestation
      ✔ should enforce unpause timelock
    8. Price Oracle
      ✔ should normalize prices to 18 decimals
      ✔ should correctly compute USD value for different decimal tokens
      ✔ should reject stale prices
      ✔ should allow admin to update price after circuit breaker
    9. Interest Rate Model
      ✔ should return base rate at 0% utilization
      ✔ should have kinked rate above 80% utilization
      ✔ should split interest between supplier and reserve
    10. Access Control & Emergency
      ✔ should reject unauthorized mint
      ✔ should reject unauthorized burn
      ✔ should enforce blacklist on transfers
      ✔ should pause/unpause MUSD with role separation
      ✔ should prevent vault pause griefing (role separation)
    11. Decimal Consistency (USDC 6 ↔ mUSD 18)
      ✔ should handle exact 1 USDC → mUSD conversion
      ✔ should handle exact mUSD → USDC conversion on redeem
      ✔ should handle Treasury totalValue scaling
      ✔ should handle rounding correctly for small amounts
    12. Multi-User Interactions
      ✔ should handle concurrent borrowers with independent positions
      ✔ should liquidate one user without affecting another
      ✔ should correctly handle full flow: mint → stake → borrow → repay → unstake → redeem

  DEEP AUDIT V2 – Verification & Hack Vectors
    1. Supply Cap Bricking
      ✔ should allow repayment even when supply cap is exhausted
      ✔ should emit InterestRoutingFailed when supply cap blocks interest mint
      ✔ should still track totalBorrows with interest even when routing fails
    2. Treasury Strategy DoS Resistance
      ✔ should return correct totalValue when a strategy reverts
      ✔ should allow deposits and withdrawals when strategies are healthy
    3. Strategy Force Removal
      ✔ should force-remove a strategy even when withdrawAll fails
      ✔ should still remove strategy normally when withdrawAll succeeds
    4. Circuit Breaker Bypass for Liquidations
      ✔ should liquidate even after a >20% price crash (circuit breaker trips)
      ✔ getValueUsdUnsafe should return correct values
    5. totalBorrows Divergence Prevention
      ✔ should maintain totalBorrows consistency across multi-user borrows
      ✔ should properly reduce totalBorrows on full repayment
    6. withdrawReserves Cap-Bounded Minting
      ✔ should revert withdrawReserves when supply cap is exhausted
      ✔ should succeed withdrawReserves when supply cap has room
    7. enableCollateral 50-Token Cap
      ✔ should enforce 50-token cap on addCollateral (63ms)
      ✔ should enforce 50-token cap on enableCollateral (68ms)
    8. SMUSD globalTotalAssets Cap
      ✔ should use globalTotalAssets for receiveInterest cap
    9. Hack Vector: ERC4626 Donation Attack
      ✔ should resist share inflation via direct mUSD donation
    10. Hack Vector: Flash Loan Share Price Manipulation
      ✔ should prevent instant deposit+withdraw profit via cooldown
    11. Hack Vector: Self-Referential Collateral
      ✔ should not allow mUSD as collateral (admin responsibility check)
      ✔ should allow smUSD as collateral (yield-bearing stable, 90% LTV)
    12. Hack Vector: Liquidation Cascade Edge Cases
      ✔ should handle liquidation that seizes all collateral
      ✔ should prevent self-liquidation
      ✔ should correctly handle multi-collateral liquidation
    13. Hack Vector: Interest Rate Manipulation
      ✔ should cap interest per accrual at 10% of totalBorrows
      ✔ should reject interest rate above 50% APR
      ✔ should allow interest rate up to 50% APR
    14. Treasury Fee Accrual Edge Cases
      ✔ should enforce minimum accrual interval
      ✔ should correctly separate yield from deposits
    15. Cross-Contract Accounting Integrity
      ✔ should maintain mint-borrow-repay-burn accounting cycle
      ✔ should enforce USDC 6 ↔ mUSD 18 decimal consistency throughout
      ✔ should prevent deposit-borrow-withdraw-default attack
      ✔ should enforce blacklist across mint and transfer paths
      ✔ should allow emergency pause to halt all operations
    16. Stale Price Protection
      ✔ should reject prices older than stale period
      ✔ should revert stale prices in unsafe variant
      ✔ should check isFeedHealthy correctly
    17. Access Control Exhaustive
      ✔ should reject unauthorized strategy operations on Treasury
      ✔ should reject unauthorized reserve withdrawal from BorrowModule
      ✔ should reject unauthorized collateral config changes
      ✔ should reject unauthorized price feed changes
      ✔ should reject unauthorized interest rate changes
      ✔ should reject unauthorized SMUSD yield distribution
      ✔ should enforce pause/unpause role separation across all contracts
    18. Minimum Debt & Dust Prevention
      ✔ should reject borrow below minimum debt
      ✔ should auto-close dust positions below minDebt
      ✔ should allow full repayment to zero

  DepositRouter
    Deployment
      ✔ Should set correct initial state
      ✔ Should grant roles to admin
      ✔ Should revert on zero address parameters
      ✔ Should revert on fee too high
    Deposit
      ✔ Should accept valid deposit and emit event
      ✔ Should calculate fees correctly
      ✔ Should revert on zero amount
      ✔ Should revert on amount below minimum
      ✔ Should revert on amount above maximum
      ✔ Should revert on insufficient native token
      ✔ Should refund excess native token
    DepositFor
      ✔ Should accept deposit for another address
      ✔ Should revert on zero recipient
    View Functions
      ✔ Should return correct bridge cost quote
      ✔ Should track pending deposits
      ✔ Should report deposit completion status
    Admin Functions
      ✔ Should update treasury address
      ✔ Should update DirectMint address
      ✔ Should update fee
      ✔ Should revert on fee > 5%
      ✔ Should withdraw accumulated fees
      ✔ Should revert admin functions for non-admin
    Pause/Unpause
      ✔ Should pause and prevent deposits
      ✔ Should unpause and allow deposits
      ✔ Should require DEFAULT_ADMIN_ROLE for unpause
    Emergency Withdraw
      ✔ Should allow timelock to withdraw tokens to treasury when paused
      ✔ Should allow timelock to withdraw native token to treasury when paused
      ✔ Should revert emergency withdraw for non-timelock
      ✔ Should revert emergency withdraw when not paused

  DirectMintV2
    Initialization
      ✔ Should initialize with correct parameters
      ✔ Should have correct default limits
      ✔ Should reject zero addresses in constructor
    Minting
      ✔ Should mint mUSD for USDC at 1:1 ratio (no fees)
      ✔ Should apply mint fee correctly
      ✔ Should reject mint below minimum
      ✔ Should reject mint above maximum
      ✔ Should reject mint that exceeds supply cap
      ✔ Should reject mint when paused
    Redeeming
      ✔ Should redeem mUSD for USDC at 1:1 ratio (no fees)
      ✔ Should apply redeem fee correctly
      ✔ Should reject redeem below minimum
      ✔ Should reject zero redeem amount
    Fee Management
      ✔ Should allow fee manager to update fees
      ✔ Should reject fees above maximum
      ✔ Should allow fee withdrawal
      ✔ Should update fee recipient
    Limits Management
      ✔ Should allow admin to update limits
      ✔ Should reject invalid limits (min > max)
    Access Control
      ✔ Should reject pause from non-pauser
      ✔ Should reject fee changes from non-fee-manager
      ✔ Should allow pauser to pause/unpause

  ETHPool
    Deployment
      ✔ sets correct initial state
      ✔ reverts on zero musd address
      ✔ reverts on zero oracle address
      ✔ configures 4 time-lock tiers
    Stake ETH
      ✔ stakes ETH successfully with no lock tier
      ✔ increases totalETHDeposited
      ✔ reverts on zero ETH
      ✔ respects pool cap
      ✔ applies tier multiplier to smUSD-E shares
      ✔ sets correct unlock time for tiered stake
    Stake with Token
      ✔ stakes USDC successfully
      ✔ reverts on unsupported token
      ✔ reverts on zero amount
    Unstake
      ✔ unstakes immediately with no lock tier
      ✔ reverts before unlock time
      ✔ unstakes after lock expires
      ✔ reverts on non-existent position
      ✔ reverts on already-unstaked position
      ✔ returns ETH to the user
    View Functions
      ✔ canUnstake returns false for locked position
      ✔ canUnstake returns true for unlocked position
      ✔ getRemainingLockTime returns 0 for unlocked
      ✔ totalPoolValue reflects deposits
    Share Price
      ✔ allows yield manager to update share price
      ✔ reverts on too-large share price change
      ✔ reverts from unauthorized caller
    Admin
      ✔ adds stablecoin
      ✔ removes stablecoin
      ✔ reverts adding duplicate stablecoin
      ✔ reverts removing non-existent stablecoin
      ✔ sets pool cap
      ✔ sets tier config
      ✔ sets price oracle
      ✔ reverts admin from unauthorized
    Pausable
      ✔ pauser can pause
      ✔ stake blocked when paused
      ✔ admin can unpause
      ✔ non-pauser cannot pause
    Multiple Positions
      ✔ user can create multiple positions
      ✔ multiple users can stake independently

  EulerV2CrossStableLoopStrategy
    Initialization
      ✔ Should set correct initial parameters (69ms)
      ✔ Should grant roles correctly
      ✔ Should not allow re-initialization
      ✔ Should report correct IStrategy interface
      ✔ Should setup EVC collateral and controller
    Deposit (Cross-Stable Leverage)
      ✔ Should deposit with flash-loan cross-stable leverage
      ✔ Should calculate correct leverage after deposit
      ✔ Should report positive totalValue after deposit
      ✔ Should revert deposit when not active
      ✔ Should revert deposit when paused
      ✔ Should revert deposit with zero amount
      ✔ Should revert deposit from non-treasury
      ✔ Should handle multiple deposits
    Withdraw (Cross-Stable Deleverage)
      ✔ Should withdraw with flash-loan deleverage
      ✔ Should withdrawAll and return full position
      ✔ Should revert withdraw with zero amount
      ✔ Should handle withdraw larger than principal
    Health Factor & Position
      ✔ Should return max health factor with no debt
      ✔ Should return correct health factor after deposit
      ✔ Should return full position data
      ✔ Should return correct realSharePrice
      ✔ Should return correct realTvl
    Depeg Circuit Breaker
      ✔ Should allow deposit when RLUSD is within peg
      ✔ Should revert deposit when RLUSD depegs below 98c
      ✔ Should revert deposit when RLUSD depegs above $1.02
      ✔ Should detect stale price as depeg
      ✔ Should report untrusted when depegged in realSharePrice
      ✔ Should allow at exactly 2% depeg boundary
    Merkl Rewards
      ✔ Should claim and compound reward tokens
      ✔ Should revert claim with non-whitelisted token
      ✔ Should handle empty claims gracefully
    Rebalance & Leverage
      ✔ Should rebalance when LTV drifts
      ✔ Should adjust leverage with share price protection
      ✔ Should revert adjustLeverage with invalid LTV
      ✔ Should revert adjustLeverage when depegged
      ✔ Should set parameters correctly
      ✔ Should revert setParameters with invalid LTV
    Emergency Deleverage
      ✔ Should fully deleverage in emergency
      ✔ Should revert emergency deleverage from non-guardian
    Access Control & Admin
      ✔ Should toggle reward tokens
      ✔ Should revert setRewardToken with zero address
      ✔ Should set swap fees
      ✔ Should set min swap output
      ✔ Should revert setMinSwapOutput with invalid value (42ms)
      ✔ Should activate/deactivate strategy
      ✔ Should pause and unpause (timelock)
      ✔ Should recover tokens via timelock (52ms)
      ✔ Should revert recoverToken for USDC with active principal
    TreasuryV2 Integration (Updated Allocations)
      ✔ Should add EulerV2CrossStable as a strategy in TreasuryV2 (101ms)
      ✔ Should auto-allocate deposits with new proportions
      ✔ Should report correct total value with new strategy mix
      ✔ Should withdraw proportionally across all strategies
    Yield Estimate Validation
      ✔ Should show expected leverage mechanics at 75% LTV

  EulerV2LoopStrategy
    Initialization
      ✔ sets correct initial parameters (119ms)
      ✔ grants roles correctly
      ✔ prevents re-initialization
      ✔ reports correct IStrategy interface
      ✔ reverts on zero timelock address
      ✔ reverts on zero usdc address
    EVC Setup
      ✔ setupEVC configures collateral and controller
      ✔ reverts if setupEVC called twice
      ✔ reverts if non-admin calls setupEVC
    Deposit
      ✔ deposits with flash-loan leverage
      ✔ calculates correct leverage after deposit
      ✔ reports positive totalValue after deposit
      ✔ reports healthy health factor after deposit
      ✔ emits Deposited event
      ✔ reverts with ZeroAmount on zero deposit
      ✔ reverts when strategy is inactive
      ✔ reverts when called by non-TREASURY_ROLE
      ✔ reverts when paused
      ✔ handles multiple sequential deposits
    Withdraw
      ✔ withdraws with deleverage
      ✔ emits Withdrawn event
      ✔ reverts with ZeroAmount on zero withdraw
      ✔ reverts when called by non-TREASURY_ROLE
      ✔ handles withdraw when no debt (no leverage)
      ✔ handles withdraw more than totalPrincipal (clamps)
    WithdrawAll
      ✔ withdraws entire position
      ✔ reverts when called by non-TREASURY_ROLE
      ✔ handles withdrawAll when no position exists
    Leverage Views
      ✔ getHealthFactor returns max when no debt
      ✔ getHealthFactor returns >1 after deposit
      ✔ getCurrentLeverage returns 100 with no position
      ✔ getPosition returns zeros with no position
      ✔ getPosition returns correct values after deposit
      ✔ realSharePrice returns WAD when no position
      ✔ realSharePrice returns ~1.0 after initial deposit
      ✔ realTvl returns correct net TVL
    Rebalance
      ✔ rebalances when over-leveraged (debt > target + 100bps)
      ✔ does nothing when near target LTV
      ✔ does nothing when no collateral
      ✔ reverts when called by non-KEEPER_ROLE
      ✔ reverts when paused
    AdjustLeverage
      ✔ increases leverage when new LTV > current
      ✔ decreases leverage when new LTV < current
      ✔ enforces minSharePrice protection
      ✔ reverts with InvalidLTV for < 3000
      ✔ reverts with InvalidLTV for > 9000
      ✔ accepts edge case LTV = 3000
      ✔ accepts edge case LTV = 9000
      ✔ reverts when called by non-STRATEGIST_ROLE
      ✔ noop when adjusting to same LTV with no collateral
    ClaimAndCompound (Merkl)
      ✔ claims and compounds USDC rewards
      ✔ claims and swaps non-USDC rewards
      ✔ emits RewardsCompounded on success
      ✔ returns early with empty tokens array
      ✔ reverts on non-whitelisted reward token
      ✔ reverts when called by non-KEEPER_ROLE
    Emergency Deleverage
      ✔ fully deleverages position
      ✔ emits EmergencyDeleveraged event
      ✔ handles emergency deleverage with no position
      ✔ reverts when called by non-GUARDIAN_ROLE
    Admin
      ✔ setParameters updates LTV and loops
      ✔ setParameters emits ParametersUpdated
      ✔ setParameters reverts on invalid LTV
      ✔ setRewardToken whitelists and de-whitelists tokens
      ✔ setRewardToken reverts on zero address
      ✔ setActive toggles strategy active state
      ✔ recoverToken transfers stuck tokens (no active USDC)
      ✔ recoverToken reverts for USDC when totalPrincipal > 0
      ✔ recoverToken reverts when called by non-timelock
    Pause / Unpause
      ✔ guardian can pause
      ✔ timelock can unpause
      ✔ non-guardian cannot pause
      ✔ non-timelock cannot unpause
      ✔ isActive returns false when paused
    Flash Loan Callback Auth
      ✔ reverts executeOperation from unauthorized caller
    Full Lifecycle
      ✔ deposit → adjustLeverage → rebalance → withdrawAll
      ✔ deposit → emergency → withdrawAll recovers funds

  FlashLoanLib
    calculateFlashLoanFee
      ✔ AaveV3 charges 0.05% fee
      ✔ BalancerV3 charges zero fee
      ✔ UniswapV3 charges 0.05% fee
      ✔ returns 0 for zero amount (all providers)
      ✔ handles very large amounts without overflow
      ✔ rounds down for small amounts
    validateProvider
      ✔ AaveV3 is valid
      ✔ BalancerV3 is valid
      ✔ UniswapV3 is valid
    isFreeLoan
      ✔ BalancerV3 is free
      ✔ AaveV3 is NOT free
      ✔ UniswapV3 is NOT free

  FluidLoopStrategy
    MODE 1: Stable (syrupUSDC / USDC — VaultT1)
      Initialization
        ✔ Should set correct vault mode and parameters (70ms)
        ✔ Should grant all roles correctly
        ✔ Should not allow re-initialization
        ✔ Should reject invalid vault mode
        ✔ Should report zero totalValue before deposits
      Deposit (Flash-Loan Leverage)
        ✔ Should deposit with flash-loan leverage via VaultT1
        ✔ Should create position NFT on first deposit
        ✔ Should accumulate principal on multiple deposits
        ✔ Should revert deposit when not active
        ✔ Should revert deposit with zero amount
        ✔ Should only allow TREASURY_ROLE to deposit
      Withdraw
        ✔ Should withdraw partial amount
        ✔ Should withdrawAll and return everything
        ✔ Should revert withdraw with zero amount
        ✔ Should only allow TREASURY_ROLE to withdraw
      Health Factor & Position
        ✔ Should return max health factor with no position
        ✔ Should calculate health factor after deposit
        ✔ Should return correct getPosition data
        ✔ Should report realSharePrice around 1.0
        ✔ Should report realTvl matching totalValue
      Rebalance
        ✔ Should rebalance when over-leveraged
        ✔ Should only allow KEEPER_ROLE to rebalance
      Adjust Leverage
        ✔ Should adjust LTV target
        ✔ Should reject invalid LTV
        ✔ Should only allow STRATEGIST_ROLE
      Emergency Deleverage
        ✔ Should fully unwind position
        ✔ Should only allow GUARDIAN_ROLE
      Admin Functions
        ✔ Should set parameters
        ✔ Should toggle reward tokens
        ✔ Should set swap fees
        ✔ Should pause and unpause
        ✔ Should only allow timelock to unpause
        ✔ Should set active/inactive
        ✔ Should recover tokens via timelock
        ✔ Should block recovering active asset with principal
        ✔ Should reject setParameters with invalid LTV
      Merkl Rewards
        ✔ Should claim USDC rewards and compound
        ✔ Should reject unallowed reward tokens
        ✔ Should only allow KEEPER_ROLE to claim
    MODE 2: LRT (weETH-ETH / wstETH — VaultT2)
      Initialization (LRT)
        ✔ Should set MODE_LRT parameters (51ms)
      Deposit (LRT)
        ✔ Should deposit with T2 operate
      Withdraw (LRT)
        ✔ Should withdrawAll from T2 vault
      Position Monitoring (LRT)
        ✔ Should report health factor > 1
        ✔ Should report leverage
      Emergency (LRT)
        ✔ Should emergency deleverage T2 position
    MODE 3: LST (wstETH-ETH / wstETH-ETH — VaultT4)
      Initialization (LST)
        ✔ Should set MODE_LST parameters (104ms)
      Deposit (LST)
        ✔ Should deposit with T4 operate (smart col + smart debt)
      Withdraw (LST)
        ✔ Should withdrawAll from T4 vault
      Position Monitoring (LST)
        ✔ Should report health factor > 1
        ✔ Should report high leverage for LST loop
      Emergency (LST)
        ✔ Should emergency deleverage T4 position
      Interest Simulation (LST)
        ✔ Should detect over-leverage from interest accrual
    Cross-Cutting
      ✔ Should emit Deposited event on deposit (52ms)
      ✔ Should emit Withdrawn event on withdraw
      ✔ Should emit ParametersUpdated on setParameters
      ✔ Should handle deposit → full withdraw cycle
      ✔ Should handle multiple deposit-withdraw cycles
      ✔ Should reject setMinSwapOutput out of range
    VaultResolver Integration (T1 with live resolver)
      ✔ Should store vaultResolver address on initialization (75ms)
      ✔ Should store dexResolver address on initialization
      ✔ Should read position via VaultResolver after deposit
      ✔ Should return correct health factor via resolver
      ✔ Should allow timelock to set new vaultResolver
      ✔ Should reject non-timelock setting vaultResolver
      ✔ Should reject setting vaultResolver to zero address
    DEX Smart Collateral (T2 with DEX integration)
      ✔ Should initialize with DEX enabled (54ms)
      ✔ Should deposit DEX collateral via strategist
      ✔ Should reject DEX deposit on T1 (stable) vault (44ms)
      ✔ Should reject DEX deposit from non-strategist
      ✔ Should allow timelock to toggle dexPool
      ✔ Should reject DEX deposit when dexEnabled is false
      ✔ Should reject DEX deposit with zero amounts

  FUZZ: InterestRateModel
    Utilization Rate Properties
      ✔ FUZZ: utilization is always in [0, 10000] bps for any supply/borrow
      ✔ FUZZ: utilization is monotonically non-decreasing with borrows (fixed supply)
    Borrow Rate Properties
      ✔ FUZZ: borrow rate is monotonically non-decreasing with utilization
      ✔ FUZZ: borrow rate is always >= baseRate for any utilization
      ✔ FUZZ: borrow rate jumps at kink
      ✔ FUZZ: supply rate <= borrow rate for any utilization (72ms)

  FUZZ: PriceOracle
    ✔ FUZZ: normalized price always has 18 decimals regardless of feed decimals (223ms)
    ✔ FUZZ: getPrice never returns negative (211ms)

  FUZZ: SMUSD ERC-4626 Properties
    ✔ FUZZ: convertToShares(convertToAssets(shares)) ≈ shares (round-trip) (62ms)
    ✔ FUZZ: convertToAssets(convertToShares(assets)) ≈ assets (round-trip) (53ms)
    ✔ FUZZ: deposit(x) then withdraw should return <= x assets (no free money)
    ✔ FUZZ: totalAssets >= totalSupply of shares implies sharePrice >= 1 (no dilution)
    ✔ FUZZ: previewDeposit <= deposit (actual shares >= preview) (60ms)

  FUZZ: LiquidationEngine
    ✔ FUZZ: healthy positions are never liquidatable across random price/collateral combos (162ms)
    ✔ FUZZ: liquidation penalty is always bounded by configured penalty bps
    ✔ FUZZ: price crashes always make undercollateralized positions liquidatable (52ms)

  FUZZ: Arithmetic Edge Cases
    ✔ FUZZ: very large deposit amounts don't overflow in InterestRateModel (51ms)
    ✔ FUZZ: zero/one edge cases in SMUSD share conversion

  GlobalPausable — whenNotGloballyPaused modifier
    No registry (address(0))
      ✔ globalPauseRegistry returns address(0)
      ✔ guarded function succeeds (modifier is no-op)
      ✔ multiple calls succeed
    Registry deployed and NOT paused
      ✔ globalPauseRegistry is set
      ✔ guarded function succeeds when not paused
    Registry deployed and PAUSED
      ✔ guarded function reverts with GloballyPaused
      ✔ unguarded function still succeeds when paused
      ✔ guarded function resumes after unpause
      ✔ full lifecycle: unpaused → paused → reverts → unpaused → succeeds

  GlobalPauseRegistry
    Deployment
      ✔ assigns DEFAULT_ADMIN_ROLE to admin
      ✔ assigns GUARDIAN_ROLE to guardian
      ✔ starts unpaused
      ✔ reverts on zero-address admin
      ✔ reverts on zero-address guardian
    pauseGlobal
      ✔ guardian can pause
      ✔ records lastPausedAt timestamp
      ✔ emits GlobalPauseStateChanged(true, guardian)
      ✔ reverts if already paused (AlreadyPaused)
      ✔ reverts when called by admin (not guardian)
      ✔ reverts when called by stranger
    unpauseGlobal
      ✔ admin can unpause
      ✔ records lastUnpausedAt timestamp
      ✔ emits GlobalPauseStateChanged(false, admin)
      ✔ reverts if not paused (NotPaused)
      ✔ reverts when called by guardian (separation of duties)
      ✔ reverts when called by stranger
    Role separation
      ✔ guardian CANNOT unpause (only admin can)
      ✔ admin CANNOT pause (only guardian can)
      ✔ full lifecycle: guardian pauses → admin unpauses → guardian pauses again
    Integration with GlobalPausable
      ✔ downstream contract reverts when globally paused
      ✔ timestamps are correctly tracked across multiple pause/unpause cycles

  PriceOracle — Circuit Breaker (Audit)
    setMaxDeviation
      ✔ should update max deviation within valid range
      ✔ should emit MaxDeviationUpdated event
      ✔ should reject deviation below 1% (100 bps)
      ✔ should reject deviation above 50% (5000 bps)
      ✔ should accept boundary values (100 and 5000 bps)
      ✔ should reject non-admin caller
    setCircuitBreakerEnabled
      ✔ should disable circuit breaker
      ✔ should re-enable circuit breaker
      ✔ should emit CircuitBreakerToggled event
      ✔ should reject non-admin caller
    resetLastKnownPrice
      ✔ should update lastKnownPrice from current feed
      ✔ should reject for disabled feed
      ✔ should reject when feed returns invalid price
      ✔ should reject non-admin caller
    updatePrice
      ✔ should update lastKnownPrice and emit event
      ✔ should emit CircuitBreakerTriggered with deviation info
      ✔ should reject for disabled feed
      ✔ should reject stale price
      ✔ should reject invalid price (zero)
      ✔ should reject non-admin caller
    getPrice — circuit breaker enforcement
      ✔ should block getPrice when price deviation exceeds threshold
      ✔ should allow getPrice within deviation threshold
      ✔ should bypass circuit breaker when disabled
      ✔ should allow getPrice after admin resets lastKnownPrice
      ✔ should allow getPrice after admin updatePrice
    getPriceUnsafe
      ✔ should return price even when circuit breaker would trigger
      ✔ should still enforce staleness check
      ✔ should still enforce valid price check
      ✔ should reject disabled feed
    getValueUsdUnsafe
      ✔ should calculate value bypassing circuit breaker
      ✔ should handle 8-decimal token (WBTC-like)
      ✔ should reject stale price
    setFeed — lastKnownPrice auto-init
      ✔ should auto-initialize lastKnownPrice on setFeed
      ✔ should update lastKnownPrice when feed is re-registered

  BorrowModule — Full Coverage (Audit)
    setInterestRateModel
      ✔ should set the interest rate model (39ms)
      ✔ should emit InterestRateModelUpdated event
      ✔ should reject zero address
      ✔ should reject non-admin caller
    setSMUSD
      ✔ should set the SMUSD address
      ✔ should emit SMUSDUpdated event
      ✔ should reject zero address
      ✔ should reject non-admin caller
    setTreasury
      ✔ should set the treasury address
      ✔ should emit TreasuryUpdated event
      ✔ should reject zero address
      ✔ should reject non-admin caller
    borrowFor
      ✔ should allow LEVERAGE_VAULT_ROLE to borrow on behalf of user
      ✔ should reject zero amount
      ✔ should reject zero user address
      ✔ should reject exceeding borrow capacity
      ✔ should reject non-LEVERAGE_VAULT_ROLE caller
      ✔ should reject below min debt
    repayFor
      ✔ should allow LEVERAGE_VAULT_ROLE to repay on behalf of user
      ✔ should reject zero amount
      ✔ should reject zero user address
      ✔ should reject when no debt exists
      ✔ should reject non-LEVERAGE_VAULT_ROLE caller
      ✔ should auto-close dust position on partial repay below min debt
    reduceDebt
      ✔ should reduce user debt on liquidation
      ✔ should handle reduction larger than debt
      ✔ should emit DebtAdjusted event
      ✔ should reject non-LIQUIDATION_ROLE caller
      ✔ should update totalBorrows correctly
    healthFactorUnsafe
      ✔ should return max when no debt
      ✔ should calculate health factor using unsafe oracle
      ✔ should work when circuit breaker trips (getPrice reverts)
    borrowCapacity
      ✔ should return correct capacity based on collateral
      ✔ should return zero for user with no collateral
    Interest Rate View Functions
      ✔ getUtilizationRate — should return 0 with no borrows
      ✔ getUtilizationRate — should return nonzero after borrowing (fallback mode)
      ✔ getUtilizationRate — should use interestRateModel when set
      ✔ getCurrentBorrowRate — should return fixed rate without model
      ✔ getCurrentBorrowRate — should return dynamic rate with model
      ✔ getCurrentSupplyRate — should return 90% of borrow rate without model
      ✔ getCurrentSupplyRate — should use model when set
      ✔ getTotalSupply — should return fallback when no treasury
      ✔ getTotalSupply — should return 2x borrows as fallback
    withdrawReserves
      ✔ should reject when no reserves exist
      ✔ should reject zero address recipient
      ✔ should reject non-admin caller
    Pause / Unpause
      ✔ should allow PAUSER_ROLE to pause
      ✔ should block borrow when paused
      ✔ should block repay when paused
      ✔ should block borrowFor when paused
      ✔ should block repayFor when paused
      ✔ should block withdrawCollateral when paused
      ✔ should require DEFAULT_ADMIN_ROLE to unpause (separation of duties)
      ✔ should reject pause from non-PAUSER_ROLE
    Dynamic Interest Routing (integration)
      ✔ should accrue interest with dynamic model and route to SMUSD
      ✔ should fall back to fixed rate when model not set
    Repay — dust position guard
      ✔ should auto-close dust position on partial repay below min debt
      ✔ should allow full repay to zero
    setMinDebt boundaries
      ✔ should reject zero min debt
      ✔ should reject min debt too high (>1e24)
      ✔ should accept boundary value (1e24)
      ✔ should emit MinDebtUpdated event
    setInterestRate boundaries
      ✔ should accept zero rate
      ✔ should accept max rate (5000 bps = 50%)
      ✔ should reject rate above 5000

  SMUSD — ERC-4626 Compliance (Audit)
    convertToShares / convertToAssets consistency
      ✔ convertToShares should match deposit result
      ✔ convertToAssets should match redeem result
      ✔ round-trip: convertToShares → convertToAssets should approximate identity
    receiveInterest
      ✔ should accept interest from INTEREST_ROUTER_ROLE
      ✔ should reject zero amount
      ✔ should reject when no shares exist
      ✔ should reject interest exceeding MAX_YIELD_BPS cap
      ✔ should reject non-INTEREST_ROUTER_ROLE caller
    Canton Share Sync — rate limiting
      ✔ should reject sync too frequent (< 1 hour)
      ✔ should reject share change exceeding 5%
      ✔ should reject share decrease exceeding 5%
      ✔ should cap initial sync to 2x ETH shares

  CollateralVault — Additional Coverage (Audit)
    Collateral configuration
      ✔ should add multiple collateral types
      ✔ should reject duplicate collateral
      ✔ should update collateral config
      ✔ should disable collateral
    Deposit / Withdraw
      ✔ should track deposits per user per token
      ✔ should withdraw via BORROW_MODULE_ROLE

  LiquidationEngine — Additional Coverage (Audit)
    Full liquidation threshold
      ✔ should enforce close factor for partial undercollateralization
    estimateSeize accuracy
      ✔ should return correct seizure estimate

  DirectMintV2 — Fee Edge Cases (Audit)
    Minimum fee enforcement
      ✔ should charge minimum 1 wei USDC fee even on tiny redemptions (96ms)
    Fee tracking
      ✔ should track accumulated mint fees

  BLEBridgeV9 — Additional Coverage (Audit)
    Initialization
      ✔ should initialize with correct parameters
      ✔ should have MAX_ATTESTATION_AGE set
    Emergency controls
      ✔ should allow EMERGENCY_ROLE to pause
      ✔ should reject pause from non-EMERGENCY_ROLE

  InterestRateModel
    Initialization
      ✔ Should set correct default parameters
      ✔ Should grant RATE_ADMIN_ROLE to admin
    Utilization Rate
      ✔ Should return 0 when no supply
      ✔ Should calculate utilization correctly
      ✔ Should cap at 100% utilization
    Borrow Rate
      ✔ Should return base rate at 0% utilization
      ✔ Should increase linearly below kink
      ✔ Should jump above kink
    Supply Rate
      ✔ Should return 0 at 0% utilization
      ✔ Should account for reserve factor
    Interest Calculation
      ✔ Should calculate interest correctly
      ✔ Should return 0 for 0 principal or time
    Interest Splitting
      ✔ Should split interest according to reserve factor
    Admin Functions
      ✔ Should allow RATE_ADMIN to update params
      ✔ Should reject kink above 100%
      ✔ Should reject reserve factor above 50%
      ✔ Should reject max rate above 100%
      ✔ Should reject non-admin updates
    Rate Curve View
      ✔ Should return rate curve at 10% increments
    View Functions
      ✔ Should return all params in one call
    Annual Rates and Interest Calculation
      ✔ getBorrowRateAnnual should return correct BPS at typical utilization
      ✔ getSupplyRateAnnual should return correct BPS at typical utilization
      ✔ Annual borrow rate at 100% util should be highest
      ✔ calculateInterest avoids per-second truncation for small rates
    Enhanced Parameter Validation
      ✔ Should reject kinkBps > 10000 (KinkTooHigh)
      ✔ Should reject reserveFactorBps > 5000 (ReserveFactorTooHigh)
      ✔ Should reject params that produce maxRate > 10000 (InvalidParameter)
      ✔ Should reject another maxRate > 10000 combination (InvalidParameter)
      ✔ Should accept valid params at boundary

  LeverageMathLib
    calculateFlashLoanAmount
      ✔ 75% LTV → flash = deposit * 3 (4x leverage)
      ✔ 50% LTV → flash = deposit * 1 (2x leverage)
      ✔ 0% LTV → flash = 0
      ✔ 100% LTV (>= BPS) → returns 0
      ✔ over 100% LTV → returns 0
      ✔ zero deposit → zero flash
    ltvToLeverage
      ✔ 0% LTV → 1x leverage (100)
      ✔ 50% LTV → 2x leverage (200)
      ✔ 75% LTV → 4x leverage (400)
      ✔ 100% LTV (>= BPS) → max uint256
      ✔ over 100% LTV → max uint256
    calculateLtv
      ✔ 50% LTV from equal collateral/debt ratio
      ✔ zero collateral → returns 0
      ✔ zero debt → returns 0
      ✔ 100% LTV
      ✔ > 100% LTV (underwater)
    calculateHealthFactor
      ✔ collateral = debt → health factor = 1.0 (WAD)
      ✔ collateral = 2 * debt → health factor = 2.0
      ✔ zero debt → max uint256
      ✔ zero collateral with debt → health factor = 0
    calculateNetValue
      ✔ collateral > debt → positive net value
      ✔ collateral < debt → floors at 0
      ✔ collateral == debt → 0
      ✔ zero debt → net value = collateral
    calculateSharePrice
      ✔ equal value and shares → 1.0 WAD
      ✔ zero shares → default 1.0 WAD
      ✔ value > shares → price > 1.0
      ✔ value < shares → price < 1.0
      ✔ zero value + zero shares → 1.0 WAD
    needsRebalance
      ✔ within threshold → no rebalance needed
      ✔ over-leveraged beyond threshold → rebalance + over-leveraged
      ✔ under-leveraged beyond threshold → rebalance + not over-leveraged
      ✔ at exact threshold boundary → no rebalance
      ✔ zero threshold → any difference triggers rebalance
    calculateDeleverageAmount
      ✔ excess debt when over target LTV
      ✔ zero excess when at target LTV
      ✔ zero excess when under target LTV
      ✔ zero collateral → target debt = 0, excess = full debt
    calculateReleverageAmount
      ✔ deficit when under target LTV
      ✔ zero deficit when at target LTV
      ✔ zero deficit when over target LTV
      ✔ with large WAD-scaled values
    validateSharePrice
      ✔ price above min → valid
      ✔ price equal to min → valid
      ✔ price below min → invalid
      ✔ zero price, zero min → valid

  LeverageVault
    Deployment
      ✔ should deploy with correct parameters
      ✔ should have WETH enabled for leverage
    Open Leveraged Position
      ✔ should open a 2x leveraged position
      ✔ should reject leverage exceeding max for LTV
      ✔ should reject if token not enabled
      ✔ should reject second position if one already exists
    Admin Functions
      ✔ should allow admin to update config
      ✔ should reject invalid max loops
      ✔ should reject invalid slippage
      ✔ should allow admin to enable/disable tokens
      ✔ should allow admin to set max leverage
      ✔ should reject leverage above configured max
      ✔ should reject invalid max leverage values
    View Functions
      ✔ should estimate loops correctly
      ✔ should return effective leverage
      ✔ should return zero leverage for no position
      ✔ should return position details
    Emergency Functions
      ✔ should reject emergency close for no position
      ✔ should reject emergency close from non-admin
      ✔ should allow emergency withdraw of stuck tokens
      ✔ should reject emergency withdraw from non-timelock
    Pause/Unpause
      ✔ should pause operations
      ✔ should reject operations when paused
      ✔ should require admin to unpause
      ✔ should resume operations after unpause
    Edge Cases
      ✔ should reject zero initial amount
      ✔ should reject leverage too low
      ✔ should reject invalid token address for enable
      ✔ should reject invalid fee tier
      ✔ should revert cleanly on swap failure without leaving debt or position
    User-Specified Slippage
      ✔ should close position with user-specified slippage
    Close Leveraged Position
      ✔ should close a 2x position and return collateral
      ✔ should fail close with insufficient minCollateralOut (slippage protection)
      ✔ should fail close when no position exists
    Close Leveraged Position With mUSD
      ✔ should close position by providing mUSD directly
      ✔ should refund excess mUSD
      ✔ should fail with insufficient mUSD
      ✔ should fail when no position exists
    mUSD Needed To Close
      ✔ should return correct debt amount for open position
      ✔ should return 0 for no position
    Emergency Close Position
      ✔ admin should emergency close a user position

  LeverageVault — Extended Coverage
    Price change PnL
      ✔ user profits when collateral price increases (50ms)
      ✔ user loses when collateral price decreases
    Multi-user isolation
      ✔ two users can have independent positions
      ✔ closing one position doesn't affect another
    Emergency close resilience
      ✔ emergency close with enough swap router funds succeeds
      ✔ emergency close isolation: other users unaffected
    Token management edge cases
      ✔ accepts valid fee tiers: 500, 3000, 10000
      ✔ cannot open position on disabled token
    Interest accrual on leveraged debt
      ✔ debt grows over time
    getPosition edge cases
      ✔ returns zero struct for non-existent user
      ✔ reflects correct debt after time passes
    setConfig boundary tests
      ✔ rejects maxLoops = 0
      ✔ accepts maxLoops = 20
      ✔ rejects slippage = 501 (> 5%)
      ✔ accepts maxSlippageBps = 500 (boundary)
      ✔ accepts maxSlippageBps = 300

  TEST-004: LeverageVault Flash Loan & Security Tests
    ReentrancyGuard prevents reentrant calls
      ✔ openLeveragedPosition has nonReentrant modifier (50ms)
      ✔ closeLeveragedPosition has nonReentrant modifier
      ✔ cannot open a second position while one is active
    SOL-003: emergencyClosePosition does not sweep other users' residuals
      ✔ user2 residual tokens in vault contract are not sent to user1 during emergency close
      ✔ emergency close should only clear the targeted user's position
      ✔ emergency close reverts for non-admin caller
      ✔ emergency close reverts when user has no position
    Flash loan attack vector prevention
      ✔ attacker cannot open position with zero collateral
      ✔ attacker cannot exceed maximum allowed leverage
      ✔ attacker cannot set leverage below 1x
      ✔ position cannot be opened on disabled token
      ✔ large position opening and closing preserves invariant: user gets back <= deposited (no free money)
      ✔ closing position with mUSD: user cannot extract value by providing exact debt amount
      ✔ closeLeveragedPositionWithMusd reverts when insufficient mUSD provided
    Pausable emergency controls
      ✔ admin can pause and unpause the vault
      ✔ opening position is blocked when paused
      ✔ closing position is blocked when paused
      ✔ closeLeveragedPositionWithMusd is blocked when paused
      ✔ emergencyClosePosition works even when paused (admin recovery)
      ✔ non-pauser cannot pause
      ✔ non-admin cannot unpause
    Admin configuration security
      ✔ setMaxLeverage rejects values outside [10, 40] range
      ✔ setMaxLeverage accepts valid values
      ✔ setConfig rejects slippage above 5%
      ✔ setConfig rejects zero maxLoops
      ✔ setConfig rejects maxLoops > 20
      ✔ enableToken rejects invalid fee tiers
      ✔ enableToken accepts valid Uniswap V3 fee tiers
      ✔ non-admin cannot change configuration

  LiquidationEngine
    Deployment
      ✔ Should initialize with correct parameters (38ms)
      ✔ Should set close factor correctly
      ✔ Should set full liquidation threshold
    Liquidation Eligibility
      ✔ Should correctly identify liquidatable positions
      ✔ Should return false for healthy positions
      ✔ Should return false for positions with no debt
    Liquidation Execution
      ✔ Should liquidate undercollateralized position
      ✔ Should reduce borrower debt after liquidation
      ✔ Should reject liquidation of healthy position
      ✔ Should reject self-liquidation
      ✔ Should emit Liquidation event
    Close Factor Limits
      ✔ Should respect close factor when position is not severely undercollateralized
    Estimate Functions
      ✔ Should estimate collateral seizure correctly
    Admin Functions
      ✔ Should allow admin to update close factor
      ✔ Should reject invalid close factor
      ✔ Should allow admin to update full liquidation threshold
      ✔ Should reject non-admin setting close factor

  MUSD
    Deployment
      ✔ should set correct name and symbol
      ✔ should set initial supply cap
      ✔ should revert with zero supply cap
      ✔ should grant DEFAULT_ADMIN_ROLE to deployer
    Minting
      ✔ should mint tokens with BRIDGE_ROLE
      ✔ should reject mint without BRIDGE_ROLE
      ✔ should reject mint exceeding supply cap
      ✔ should allow minting up to exact supply cap
      ✔ should reject mint of 1 wei over supply cap
      ✔ should emit Mint event
    Burning
      ✔ should burn tokens with BRIDGE_ROLE (self burn)
      ✔ should burn tokens from user with allowance
      ✔ should reject burn without allowance
      ✔ should emit Burn event
    Supply Cap
      ✔ should allow admin to update supply cap
      ✔ should allow CAP_MANAGER_ROLE to update supply cap
      ✔ should reject unauthorized supply cap change
      ✔ should reject zero supply cap
      ✔ should ALLOW cap below current supply (undercollateralization response)
      ✔ should allow cap equal to current supply
      ✔ should emit SupplyCapUpdated event
    Blacklist
      ✔ should blacklist an account
      ✔ should block transfers from blacklisted sender
      ✔ should block transfers to blacklisted receiver
      ✔ should block minting to blacklisted address
      ✔ should remove from blacklist
      ✔ should reject blacklist of zero address
      ✔ should reject blacklist without COMPLIANCE_ROLE
    Pausable
      ✔ should allow EMERGENCY_ROLE to pause
      ✔ should block transfers when paused
      ✔ should block minting when paused
      ✔ should require DEFAULT_ADMIN_ROLE to unpause (separation of duties)
      ✔ should resume transfers after unpause
      ✔ should reject pause without EMERGENCY_ROLE
    Transfers
      ✔ should transfer tokens
      ✔ should handle transferFrom with approval

  MetaVault
    Initialization
      ✔ sets correct initial state (59ms)
      ✔ reverts on zero addresses in initialize
      ✔ grants TREASURY_ROLE to treasury address
    Sub-strategy management
      ✔ adds 4 sub-strategies with correct weights summing to 10000
      ✔ reverts deposit when weights don't sum to 10000
      ✔ reverts when adding more than 4 strategies
      ✔ reverts when non-strategist tries to add
      ✔ removes a sub-strategy and withdraws its funds
      ✔ updates weights via setWeights
      ✔ reverts setWeights with wrong length
      ✔ toggles sub-strategy (circuit breaker)
    Deposits
      ✔ deposits and splits across 4 sub-strategies by weight
      ✔ reverts deposit when inactive
      ✔ reverts deposit of zero
      ✔ reverts deposit with no sub-strategies
      ✔ reverts deposit from non-treasury
      ✔ respects per-strategy cap on deposit
      ✔ skips disabled sub-strategies on deposit
    Withdrawals
      ✔ withdraws pro-rata from all sub-strategies
      ✔ withdrawAll returns everything to treasury
      ✔ reverts withdraw of zero
      ✔ uses idle USDC first before pulling from sub-strategies
    Rebalance
      ✔ rebalances when drift exceeds threshold
      ✔ reverts rebalance if drift below threshold
      ✔ reverts rebalance before cooldown elapsed
      ✔ reverts rebalance from non-keeper
    Emergency
      ✔ emergency withdraws from a single sub-strategy
      ✔ emergency withdraws all
      ✔ reverts emergency from non-guardian
    Pause / Admin
      ✔ pause blocks deposits
      ✔ unpause resumes deposits
      ✔ sets cap on sub-strategy
    View helpers
      ✔ currentAllocations returns correct BPS
      ✔ currentDrift returns 0 when perfectly balanced
      ✔ currentDrift increases when one strategy gets yield

  MintedYB
    ✔ should be implemented

  MorphoLoopStrategy
    Initialization
      ✔ Should set correct initial parameters (49ms)
      ✔ Should grant roles correctly
      ✔ Should not allow re-initialization
    Deposit
      ✔ Should accept deposit from treasury
      ✔ Should revert deposit with zero amount
      ✔ Should revert deposit from non-treasury
      ✔ Should revert deposit when strategy is inactive
      ✔ Should revert deposit when paused
    Withdraw
      ✔ Should withdraw funds
      ✔ Should withdraw all funds
      ✔ Should revert withdraw with zero amount
      ✔ Should revert withdraw from non-treasury
    View Functions
      ✔ Should return total value
      ✔ Should return asset token
    Admin Functions
      ✔ Should update parameters
      ✔ Should revert on excessive loops
      ✔ Should revert on invalid LTV (too high)
      ✔ Should revert on invalid LTV (too low)
      ✔ Should set active status
      ✔ Should revert admin functions for non-strategist
    Emergency Controls
      ✔ Should pause operations
      ✔ Should unpause operations
      ✔ Should emergency deleverage
    Upgradeability
      ✔ Should be upgradeable by timelock (103ms)
      ✔ Should not be upgradeable by non-admin (41ms)
      ✔ Should preserve state after upgrade
    Role Management
      ✔ Should allow admin to grant strategist role
      ✔ Should allow admin to revoke roles
    View Functions Extended
      ✔ Should return market ID
      ✔ Should return safety buffer
      ✔ Should return target loops
      ✔ Should return active status
    Deposit Edge Cases
      ✔ Should handle multiple sequential deposits
      ✔ Should handle small deposits
    Withdraw Edge Cases
      ✔ Should handle partial withdrawals
      ✔ Should handle withdrawals when paused
    Emergency Deleverage Edge Cases
      ✔ Should deleverage with no position gracefully
      ✔ Should only allow guardian to deleverage

  PendleMarketSelector
    Initialization
      ✔ Should set correct initial parameters (51ms)
      ✔ Should grant roles to admin
      ✔ Should not allow re-initialization
    Market Whitelisting
      ✔ Should whitelist a market
      ✔ Should batch whitelist markets
      ✔ Should remove a market from whitelist
      ✔ Should revert whitelist for non-market-admin
      ✔ Should revert whitelist for zero address
      ✔ Should revert batch whitelist with mismatched arrays
    Parameter Updates
      ✔ Should update selection parameters
      ✔ Should revert on invalid weights (not summing to 10000)
      ✔ Should update minimum APY via setParams
      ✔ Should revert parameter update for non-params-admin
    View Functions
      ✔ Should return whitelisted markets array
      ✔ Should check if market is valid
    Market Selection
      ✔ Should revert with NoValidMarkets when no markets match
      ✔ Should revert with NoValidMarkets when category doesn't match
      ✔ Should return valid markets for category
      ✔ Should check if market is whitelisted after removal
    Additional Admin Functions
      ✔ Should revert remove for non-admin
      ✔ Should emit event on market removal
      ✔ Should handle duplicate whitelist gracefully
      ✔ Should preserve state after upgrade
    Edge Cases
      ✔ Should handle empty category string
      ✔ Should return empty array for no whitelisted markets
    Upgradeability
      ✔ Should be upgradeable by admin
      ✔ Should not be upgradeable by non-admin (75ms)

  PendleStrategyV2
    Initialization
      ✔ Should set correct initial parameters (123ms)
      ✔ Should grant roles correctly
      ✔ Should not allow re-initialization
      ✔ Should revert on zero address in initialize
    View Functions
      ✔ Should return asset token
      ✔ Should return total value (zero when no deposits)
      ✔ Should return PT balance (zero when no deposits)
      ✔ Should return current market (zero when not set)
    Admin Functions
      ✔ Should update slippage
      ✔ Should revert on invalid slippage (too high)
      ✔ Should update rollover threshold
      ✔ Should set active status
      ✔ Should update market selector
      ✔ Should revert admin functions for non-strategist
    Emergency Controls
      ✔ Should pause operations
      ✔ Should unpause operations
      ✔ Should prevent deposits when paused
      ✔ Should prevent deposits when inactive
    Deposit Validation
      ✔ Should revert deposit with zero amount
      ✔ Should revert deposit from non-treasury
    Withdraw Validation
      ✔ Should revert withdraw with zero amount
      ✔ Should revert withdraw from non-treasury
    Upgradeability
      ✔ Should be upgradeable by admin (70ms)
      ✔ Should not be upgradeable by non-admin (109ms)
      ✔ Should preserve state after upgrade
    Additional Admin Functions
      ✔ Should update market selector with zero address revert
      ✔ Should emit SlippageUpdated event
      ✔ Should update rollover threshold
    Role Management
      ✔ Should allow admin to grant strategist role
      ✔ Should allow admin to revoke roles
      ✔ Should prevent non-admin from granting roles
    View Functions Extended
      ✔ Should return market category
      ✔ Should return rollover threshold
      ✔ Should return active status
      ✔ Should return slippage settings
      ✔ Should return current PT and SY addresses (zero when no market)
    Edge Cases
      ✔ Should handle zero slippage setting
      ✔ Should handle minimum rollover threshold
    PT Discount Rate
      ✔ Should set PT discount rate as strategist
      ✔ Should emit PtDiscountRateUpdated event
      ✔ Should reject discount rate above 50%
      ✔ Should allow zero discount rate
      ✔ Should allow max 50% discount rate
      ✔ Should reject non-strategist setting discount rate
    Upgrade Authorization
      ✔ Should allow admin to perform UUPS upgrade
      ✔ Should reject upgrade from non-admin
    Rollover View Functions
      ✔ Should return true for shouldRollover when no market is set
      ✔ Should return 0 timeToExpiry when no market is set
    Guardian setActive
      ✔ Should allow guardian to deactivate strategy
      ✔ Should allow guardian to reactivate strategy
      ✔ Should reject setActive from non-guardian
      ✔ Should reject strategist from calling setActive (needs GUARDIAN_ROLE)
    Rollover Threshold Edge Cases
      ✔ Should reject zero rollover threshold
      ✔ Should allow max rollover threshold (30 days)
      ✔ Should emit RolloverThresholdUpdated event
      ✔ Should reject non-strategist from setting rollover threshold
    Recover Token
      ✔ Should recover random stuck tokens
      ✔ Should reject recovering USDC
      ✔ Should reject non-admin from recovering tokens
    isActive View Function
      ✔ Should return true when active and not paused
      ✔ Should return false when paused
      ✔ Should return false when inactive
      ✔ Should return false when both paused and inactive

  PriceAggregator
    Deployment
      ✔ initializes correctly
      ✔ grants ORACLE_ADMIN_ROLE
    Adapter Management
      ✔ adds adapter
      ✔ adds up to MAX_ADAPTERS
      ✔ removes adapter
      ✔ reverts adding zero address
      ✔ reverts from unauthorized caller
      ✔ sets adapters in batch
    Price Queries
      ✔ returns price from single adapter
      ✔ reverts with no adapters
      ✔ getAllPrices returns prices from all adapters
    Deviation
      ✔ sets max deviation
      ✔ toggles cross-validation
    UUPS Upgrade
      ✔ blocks upgrade from non-timelock (43ms)

  PriceOracle
    Feed Management
      ✔ should add a feed
      ✔ should reject zero token address
      ✔ should reject zero feed address
      ✔ should reject zero stale period
      ✔ should reject tokenDecimals > 18
      ✔ should remove a feed
      ✔ should reject remove of non-existent feed
      ✔ should reject unauthorized feed changes
    getPrice
      ✔ should return normalized 18-decimal price for ETH
      ✔ should return normalized price for BTC
      ✔ should reject query for disabled feed
      ✔ should reject stale price
      ✔ should reject zero/negative price
      ✔ should reject negative price
    getValueUsd
      ✔ should calculate USD value for 18-decimal token (ETH)
      ✔ should calculate USD value for 8-decimal token (WBTC)
      ✔ should handle fractional amounts correctly
      ✔ should handle zero amount
    isFeedHealthy
      ✔ should return true for healthy feed
      ✔ should return false for stale feed
      ✔ should return false for disabled feed
      ✔ should return false for zero price

  RedemptionQueue
    Initialization
      ✔ Should initialize with correct parameters
      ✔ Should revert with zero token addresses
    Queue Redemption
      ✔ Should queue a redemption request
      ✔ Should lock mUSD in the contract
      ✔ Should revert on zero amount
      ✔ Should revert on dust amount (< 1 USDC equivalent)
      ✔ Should revert if slippage exceeded
      ✔ Should queue multiple requests from same user
      ✔ Should revert when paused
    Process Batch
      ✔ Should process requests in FIFO order after cooldown
      ✔ Should process multiple requests in one batch
      ✔ Should respect cooldown period
      ✔ Should respect daily redemption limit
      ✔ Should respect USDC liquidity
      ✔ Should skip cancelled requests
      ✔ Should reset daily limit after 24 hours
      ✔ Should revert if caller lacks PROCESSOR_ROLE
    Cancel Redemption
      ✔ Should cancel and return mUSD
      ✔ Should revert if not request owner
      ✔ Should revert if already fulfilled
      ✔ Should revert if already cancelled
      ✔ Should revert for invalid request ID
    Admin Functions
      ✔ Should update max daily redemption
      ✔ Should update min request age
      ✔ Should restrict admin functions to DEFAULT_ADMIN_ROLE
    Pause / Unpause
      ✔ Pauser can pause
      ✔ Admin can unpause
      ✔ Non-pauser cannot pause
      ✔ Non-admin cannot unpause
    View Functions
      ✔ Should return correct queue length
      ✔ Should return correct pending count
    Edge Cases
      ✔ Should handle empty queue processBatch gracefully
      ✔ Should handle processBatch with maxCount=0
      ✔ Should handle multiple users queueing and processing

  TEST-002: Relay Utils — isValidSecp256k1PrivateKey
    Valid keys
      ✔ should accept a well-known valid private key (32 bytes, no 0x prefix)
      ✔ should accept a valid key with 0x prefix
      ✔ should accept key = n - 1 (maximum valid key)
      ✔ should accept a mid-range hex key
      ✔ should accept key with mixed-case hex characters
      ✔ should accept key = 2 (small but valid)
    Invalid keys — zero
      ✔ should reject zero key (all zeros)
      ✔ should reject zero key with 0x prefix
    Invalid keys — at or above curve order
      ✔ should reject key equal to curve order n
      ✔ should reject key equal to n + 1
      ✔ should reject key = 0xFFFF...FFFF (all ones, above curve order)
    Invalid keys — malformed input
      ✔ should reject empty string
      ✔ should reject too-short hex string (31 bytes)
      ✔ should reject too-long hex string (33 bytes)
      ✔ should reject non-hex characters
      ✔ should reject string with spaces
      ✔ should reject key with special characters
      ✔ should reject bare 0x prefix with no key data

  TEST-002: Relay Utils — readSecret
    ✔ should fall back to env var when Docker secret path does not exist
    ✔ should return empty string when neither secret file nor env var exists
    ✔ should handle undefined env var gracefully
    ✔ should read env var correctly with whitespace value

  TEST-002: Relay Utils — readAndValidatePrivateKey
    ✔ should return empty string when key is not set
    ✔ should return valid key when env var contains a valid private key
    ✔ should throw for invalid private key (zero)
    ✔ should throw for private key above curve order
    ✔ should throw for malformed key (wrong length)
    ✔ should include env var name in error message for diagnostics

  TEST-002: Relay Signer — formatKMSSignature validation
    ✔ should reject null/undefined derSig input
    ✔ should reject non-Buffer derSig
    ✔ should reject messageHash without 0x prefix
    ✔ should reject publicKey without 0x prefix
    ✔ should reject DER signature that is too short (< 8 bytes)
    ✔ should reject DER signature with wrong sequence tag
    ✔ should reject DER signature with length exceeding buffer

  TEST-002: Relay Config — parseInt radix & URL validation patterns
    ✔ parseInt with radix 10 produces correct results for decimal strings
    ✔ parseInt with radix 10 avoids octal interpretation of leading-zero strings
    ✔ parseInt with radix 10 returns NaN for non-numeric strings
    ✔ HTTP RPC URL should trigger warning for non-localhost
    ✔ HTTPS RPC URL should NOT trigger warning
    ✔ localhost HTTP URL should NOT trigger warning (dev environment)
    ✔ 127.0.0.1 HTTP URL should NOT trigger warning (loopback)
    ✔ VALIDATOR_ADDRESSES JSON size should be bounded to 10KB

  SMUSD
    Deployment
      ✔ should set correct name and symbol
      ✔ should use mUSD as underlying asset
      ✔ should have decimalsOffset of 3
    Deposit
      ✔ should accept deposits and issue shares
      ✔ should set cooldown for depositor
      ✔ should set cooldown for receiver (not depositor) on third-party deposit
    Donation Attack Resistance
      ✔ should be economically unprofitable for first depositor to donate then redeem
    Withdraw
      ✔ should reject withdrawal during cooldown
      ✔ should allow withdrawal after cooldown
      ✔ should enforce cooldown on redeem() too
      ✔ should allow redeem after cooldown
    Transfer cooldown propagation
      ✔ should propagate stricter cooldown to receiver
      ✔ should not weaken receiver's existing cooldown
    Yield Distribution
      ✔ should increase share value after yield
      ✔ should reject yield distribution with no shares
      ✔ should reject zero yield
      ✔ should reject yield without YIELD_MANAGER_ROLE
      ✔ should reject yield exceeding MAX_YIELD_BPS cap
      ✔ should accept yield within MAX_YIELD_BPS cap
    Pause/Unpause
      ✔ should allow PAUSER_ROLE to pause
      ✔ should reject deposit when paused
      ✔ should reject withdraw when paused
      ✔ should require DEFAULT_ADMIN_ROLE for unpause
      ✔ should resume operations after unpause
    Treasury Integration
      ✔ should set treasury address
      ✔ should reject zero address for treasury
      ✔ should emit TreasuryUpdated event
      ✔ should reject treasury update from non-admin
    Canton Shares Sync
      ✔ should sync Canton shares from bridge
      ✔ should reject non-sequential epoch
      ✔ should update global total shares
      ✔ should reject sync from non-bridge
      ✔ should emit CantonSharesSynced event
    Global Share Price
      ✔ should return correct global share price with no Canton shares
      ✔ should return default price with no shares
      ✔ should return ethereum total shares
      ✔ should return global total assets without treasury
    View Functions
      ✔ should return remaining cooldown correctly
      ✔ should return zero remaining cooldown after expiry
      ✔ should convert assets to shares correctly
      ✔ should convert shares to assets correctly

  SMUSDE
    Deployment
      ✔ has correct name and symbol
      ✔ starts with zero supply
    Mint & Burn
      ✔ pool can mint
      ✔ pool can burn
      ✔ reverts mint to zero address
      ✔ reverts mint of zero amount
      ✔ reverts burn exceeding balance
      ✔ non-pool cannot mint
      ✔ non-pool cannot burn
    Blacklist
      ✔ compliance can blacklist
      ✔ blocks transfers from blacklisted
      ✔ blocks transfers to blacklisted
      ✔ non-compliance cannot blacklist
      ✔ reverts blacklisting zero address
    Pausable
      ✔ pauser can pause
      ✔ transfers blocked when paused
      ✔ admin can unpause
      ✔ non-pauser cannot pause
    Transfers
      ✔ standard transfer works
      ✔ transferFrom with approval works

  SMUSDPriceAdapter
    Deployment
      ✔ should set correct smusd address
      ✔ should set initial round ID to 1
      ✔ should set default price bounds
      ✔ should grant admin roles
      ✔ should revert with zero address for smusd
    AggregatorV3 Interface
      ✔ should return 8 decimals
      ✔ should return correct description
      ✔ should return version 1
    Share Price
      ✔ should return 1.0 USD for 1:1 share price
      ✔ should reflect increased share price after yield
      ✔ should handle 1.50 USD share price
      ✔ should return consistent data between latestRoundData and getRoundData
      ✔ should set timestamps to block.timestamp
      ✔ should set answeredInRound equal to roundId
      ✔ should update price when vault share price changes (48ms)
    Price Bounds
      ✔ should clamp when share price is below minimum (0.95 USD)
      ✔ should clamp when share price exceeds maximum (2.0 USD)
      ✔ should accept price right at minimum bound (0.95 USD)
      ✔ should accept price right at maximum bound (2.0 USD)
      ✔ should clamp when price is just below minimum
      ✔ should clamp when price is just above maximum
      ✔ should respect updated bounds
      ✔ should clamp with tightened bounds
      ✔ should clamp on getRoundData when price out of bounds
    Admin Functions
      setSharePriceBounds
        ✔ should update price bounds
        ✔ should emit SharePriceBoundsUpdated event
        ✔ should revert if min is zero
        ✔ should revert if max <= min
        ✔ should revert if max equals min
        ✔ should revert if max exceeds $10 cap
        ✔ should accept max at exactly $10 cap
        ✔ should revert when called by non-admin
      incrementRound
        ✔ should increment roundId
        ✔ should increment multiple times
        ✔ should revert when called by non-admin
    Integration
      ✔ should track price changes as vault accrues yield over time
      ✔ should work correctly with the PriceOracle feed format
      ✔ should work with incrementRound and changing prices

  SkySUSDSStrategy
    ✔ deploys via proxy and initializes
    ✔ rejects initialization with zero addresses (74ms)
    ✔ blocks re-initialization (82ms)
    ✔ only TREASURY_ROLE can deposit
    ✔ only TREASURY_ROLE can withdraw
    ✔ STRATEGIST_ROLE can toggle active (86ms)
    ✔ GUARDIAN can pause, DEFAULT_ADMIN can unpause
    ✔ deposit reverts when paused
    ✔ deposit reverts with zero amount
    ✔ recover rejects protected tokens

  SkySUSDSStrategy — Happy Path
    deposit (happy path)
      ✔ deposits USDC → PSM → sUSDS successfully
      ✔ updates totalPrincipal after deposit (38ms)
      ✔ multiple deposits accumulate principal (90ms)
    withdraw (happy path)
      ✔ withdraws USDC back to treasury (96ms)
      ✔ emits Withdrawn event (40ms)
      ✔ withdraw zero amount reverts (39ms)
      ✔ updates totalPrincipal after withdrawal (92ms)
    withdrawAll (happy path)
      ✔ withdraws all USDC and resets principal (42ms)
      ✔ withdrawAll with zero shares returns dust
    totalValue
      ✔ returns deposited amount (1:1 exchange rate) (97ms)
      ✔ reflects yield when exchange rate increases (45ms)
    sUsdsShares
      ✔ returns non-zero after deposit (38ms)
    unrealizedYield
      ✔ returns 0 when exchange rate is 1:1 (91ms)
      ✔ returns positive yield when exchange rate increases (90ms)
    emergencyWithdraw
      ✔ redeems all sUSDS, holds USDC in contract, pauses (40ms)
      ✔ emergencyWithdraw resets totalPrincipal to 0
    recoverToken (success)
      ✔ recovers a non-protected ERC20 (55ms)
      ✔ reverts when recovering sUSDS (70ms)
    isActive
      ✔ returns false when paused even if active flag is true (38ms)
      ✔ returns false when active flag is false even if not paused

  StabilityDAOFeatures
    ✔ should be implemented

  TimelockGoverned — setTimelock / onlyTimelock modifier
    Constructor / _setTimelock
      ✔ sets timelock correctly on construction
      ✔ emits TimelockUpdated(address(0), newTimelock) on construction
      ✔ reverts with ZeroTimelock when constructed with address(0)
      ✔ reverts when initializeTimelock called with address(0)
    onlyTimelock modifier
      ✔ allows timelock to call gated functions
      ✔ reverts with OnlyTimelock when called by deployer
      ✔ reverts with OnlyTimelock when called by attacker
    setTimelock
      ✔ timelock can migrate to a new timelock
      ✔ old timelock loses access after migration
      ✔ reverts with ZeroTimelock when setting to address(0)
      ✔ reverts with OnlyTimelock when non-timelock calls setTimelock
      ✔ new timelock can perform a second migration

  Timelock Wiring — Findings #3 & #4
    Finding #3: Central OZ TimelockController wiring
      ✔ timelock has TIMELOCK_ROLE on CollateralVaultUpgradeable
      ✔ admin (deployer) does NOT have TIMELOCK_ROLE
      ✔ setBorrowModule reverts when called directly by admin
      ✔ setBorrowModule succeeds when called through timelock
      ✔ addCollateral reverts when called directly by admin
      ✔ addCollateral succeeds through timelock after delay
      ✔ no hand-rolled request/cancel/execute functions exist
    Finding #4: UUPS upgrades gated by TIMELOCK_ROLE
      ✔ direct upgradeToAndCall by admin reverts
      ✔ upgrade succeeds through timelock after 48h delay
      ✔ attacker cannot upgrade even with DEFAULT_ADMIN_ROLE
    Timelock safety properties
      ✔ operations cannot be executed before delay elapses
      ✔ non-proposer cannot schedule operations
      ✔ non-executor cannot execute ready operations
      ✔ minimum delay enforced at deployment (< 24h rejected)

  TreasuryReceiver
    Deployment
      ✔ Should set correct initial state
      ✔ Should grant roles to deployer
      ✔ Should revert on zero address parameters
    Router Authorization
      ✔ Should authorize router
      ✔ Should revoke router
      ✔ Should revert router authorization for non-bridge-admin
    View Functions
      ✔ Should track processed VAAs
      ✔ Should return chain ID constants
    Admin Functions
      ✔ Should update DirectMint address
      ✔ Should update Treasury address
      ✔ Should revert update with zero address
      ✔ Should revert admin functions for non-admin
    receiveAndMint
      ✔ Should receive bridged USDC and mint mUSD via DirectMint
      ✔ Should queue a pending mint when DirectMint fails
      ✔ Should allow recipient to claim queued mint once DirectMint recovers
      ✔ Should reject invalid VAA
      ✔ Should reject replay (same VAA hash)
      ✔ Should reject unauthorized router
      ✔ Should reject when paused
    Emergency Controls
      ✔ Should pause operations
      ✔ Should unpause operations
      ✔ Should require DEFAULT_ADMIN_ROLE for unpause
      ✔ Should allow emergency withdrawal
      ✔ Should revert emergency withdraw for non-admin

  TreasuryV2
    Initialization
      ✔ Should initialize with correct defaults
      ✔ Should reject zero addresses on init
    Strategy Management
      ✔ Should add a strategy
      ✔ Should add multiple strategies with correct allocation
      ✔ Should reject duplicate strategy
      ✔ Should reject allocation exceeding 100%
      ✔ Should reject more than MAX_STRATEGIES (46ms)
      ✔ Should remove a strategy and withdraw funds
      ✔ Should update strategy allocation
    Auto-Allocation
      ✔ Should auto-allocate deposit across strategies
      ✔ Should keep small deposits in reserve
      ✔ Should handle strategy deposit failure gracefully
    Withdrawal
      ✔ Should withdraw from reserve when sufficient
      ✔ Should withdraw from strategies when reserve insufficient
      ✔ Should revert on insufficient total balance
    Vault Interface
      ✔ Should depositFromVault with auto-allocation
      ✔ Should withdrawToVault from reserve + strategies
      ✔ Should reject deposits from non-vault
    Fee Accrual
      ✔ Should accrue fees on yield
      ✔ Should claim fees to recipient
    Rebalancing
      ✔ Should rebalance from over-allocated to under-allocated
    Emergency
      ✔ Should emergency withdraw all from strategies
      ✔ Should pause and unpause
    Admin
      ✔ Should update fee config
      ✔ Should reject fee too high (39ms)
      ✔ Should update reserve bps
      ✔ Should reject reserve too high
      ✔ Should update vault address via timelock
      ✔ Should reject vault change from non-timelock
      ✔ Should update min auto-allocate
    View Functions
      ✔ Should report correct totalValue
      ✔ Should report totalValueNet minus fees
      ✔ Should return correct current allocations
      ✔ Should report strategies via getAllStrategies
    Strategy Rollover
      ✔ Should remove a funded strategy (funds returned) and add a replacement
      ✔ Should handle rollover when old strategy withdraw fails
      ✔ Should remove an empty strategy cleanly
    Token Recovery
      ✔ Should recover a non-primary token to the timelock
      ✔ Should revert when trying to recover the primary asset (USDC)
      ✔ Should revert when called by a non-timelock address
    Yield Harvest
      ✔ Should return pending yield correctly (117ms)
      ✔ Should return zero pending yield when no profit
      ✔ Should harvestYield: accrue fees, auto-claim, and emit events
      ✔ Should harvestYield with no yield (no-op) (112ms)
      ✔ Should revert harvestYield from non-allocator

  UniswapV3TWAPOracle
    Deployment
      ✔ should deploy with correct factory address
      ✔ should revert on zero factory address
      ✔ should have correct constants
    getTWAPQuote
      ✔ should return a TWAP quote for token0 → token1 at tick 0 (1:1 price)
      ✔ should return higher quote for positive tick (token0 cheaper)
      ✔ should return lower quote for negative tick
      ✔ should enforce MIN_TWAP_DURATION when duration is too short
      ✔ should revert for non-existent pool
      ✔ should handle token1 → token0 direction
    validateSwapOutput
      ✔ should validate swap within deviation bounds
      ✔ should reject swap outside deviation bounds
      ✔ should accept exact TWAP output
      ✔ should accept output above TWAP (favorable)
      ✔ should reject at exactly MIN_ACCEPTABLE boundary
    Tick bit decomposition — full 20-bit coverage
      ✔ exercises even-numbered bits (0,2,4,6,8,10,12,14,16,18) with tick 0x55555
      ✔ exercises odd-numbered bits (1,3,5,7,9,11,13,15,17,19) with tick 0xAAAAA
      ✔ exercises ALL 20 bits with tick 0xD89E7 (max valid minus 1 = 887271)
      ✔ exercises negative tick path (meanTick > 0 branch = false)
      ✔ exercises negative large tick with odd bits
      ✔ exercises single-bit ticks for fine-grained coverage

  UpgradeablePath
    CollateralVaultUpgradeable
      ✔ deploys via proxy and initializes
      ✔ rejects upgrade from non-TIMELOCK_ROLE (80ms)
      ✔ TIMELOCK_ROLE can upgrade successfully (65ms)
      ✔ blocks re-initialization after upgrade
    BorrowModuleUpgradeable
      ✔ deploys via proxy and initializes (47ms)
      ✔ rejects upgrade from non-TIMELOCK_ROLE (125ms)
      ✔ preserves storage across upgrade (226ms)
      ✔ blocks re-initialization (149ms)
    SMUSDUpgradeable
      ✔ deploys via proxy and initializes (72ms)
      ✔ rejects upgrade from non-TIMELOCK_ROLE (249ms)
      ✔ preserves storage across upgrade (81ms)
      ✔ blocks re-initialization
    LiquidationEngineUpgradeable
      ✔ deploys via proxy and initializes (43ms)
      ✔ rejects upgrade from non-TIMELOCK_ROLE (63ms)
      ✔ blocks re-initialization
    LeverageVaultUpgradeable
      ✔ deploys via proxy and initializes (39ms)
      ✔ rejects upgrade from non-TIMELOCK_ROLE (59ms)
      ✔ preserves storage across upgrade (58ms)
      ✔ blocks re-initialization

  VaultEdgeCases: Multi-Collateral Liquidation
    ✔ should liquidate WETH collateral when user has both WETH and WBTC (55ms)
    ✔ should liquidate WBTC collateral when liquidator chooses WBTC
    ✔ should apply correct per-token penalty (10% WETH vs 15% WBTC)

  VaultEdgeCases: Bad Debt & Insolvency
    ✔ should record bad debt when collateral value < debt after price crash (50ms)
    ✔ should realize socialized bad debt from reserves first, then queue supplier loss
    ✔ should realize queued supplier loss by haircutting future supplier interest
    ✔ should reject socializeBadDebt from non-timelock address

  VaultEdgeCases: SMUSD Donation Attack
    ✔ should resist donation attack via decimalsOffset=3
    ✔ should prevent first-depositor share manipulation
    ✔ should enforce 24h cooldown blocking immediate withdrawal after deposit
    ✔ attacker should NOT profit from front-running donation attack
    ✔ victim loss from donation attack should be bounded by decimalsOffset
    ✔ share price distortion from donation should be bounded and proportional
    ✔ donation attack is economically irrational across multiple donation sizes (38ms)

  VaultEdgeCases: sMUSD-Holder Bad-Debt Impact
    ✔ bad debt socialization reduces totalBorrows, lowering future interest to sMUSD stakers (68ms)
    ✔ sMUSD share price is not directly decreased but future yield is impaired (77ms)
    ✔ bad debt impact is shared proportionally across all sMUSD stakers (324ms)
    ✔ absorbBadDebt uses reserves first before queuing supplier haircut (71ms)

  YieldDistributor — DirectMint Swap Path
    Initialization
      ✔ Should store all immutable addresses (81ms)
      ✔ Should set default parameters
      ✔ Should revert on zero address constructor args
      ✔ Should pre-approve DirectMint, Bridge, and SMUSD
    distributeYield — zero fee
      ✔ Should swap USDC through DirectMint and split proportionally
      ✔ Should emit correct events
      ✔ Should update cumulative tracking state
    distributeYield — with mint fee
      ✔ Should account for DirectMint 1% fee in split
      ✔ Should show Treasury net change is only the fee
    Edge Cases
      ✔ Should handle 100% ETH shares (no Canton)
      ✔ Should revert if below minimum distribution
      ✔ Should revert if cooldown not elapsed
      ✔ Should revert if Canton recipient not set
      ✔ Should revert if no shares exist
    Multiple Distributions
      ✔ Should accumulate state across multiple distributions
    previewDistribution
      ✔ Should return correct split with 0% fee
      ✔ Should return correct split with 1% fee
    Access Control
      ✔ Should reject non-keeper calling distributeYield
      ✔ Should reject non-governor calling setCantonYieldRecipient
      ✔ Should reject empty Canton recipient
    Governance
      ✔ Should allow governor to update parameters
      ✔ Should pause and unpause
      ✔ Should rescue stuck tokens
    Bridge Integration
      ✔ Should record correct bridge-out details
    Share Price Integrity
      1) Should not distort globalSharePrice after distribution (0% fee)
      2) Should show minimal price impact with 1% fee

  Yield Integration E2E — Manual MetaVault Deploy
    1. Initial state
      ✔ Treasury starts with 1M USDC seeded and 3 registered strategies (69ms)
      ✔ Strategies have autoAllocate = false
      ✔ SMUSD is linked to Treasury for globalTotalAssets
    2. USDC deposit stays in Treasury reserve
      ✔ deposit() with autoAllocate=false keeps all USDC in reserve
    3. Admin manually deploys to MetaVaults via deployToStrategy()
      ✔ Admin deploys USDC from reserve to 3 strategies at 45/45/10 split
      ✔ deployToStrategy reverts for unregistered strategy
      ✔ deployToStrategy reverts when reserve insufficient
      ✔ deployToStrategy requires ALLOCATOR_ROLE
    4. Strategy yield increases Treasury totalValue()
      ✔ Simulated yield in strategies increases totalValue()
    5. SMUSD globalSharePrice reflects Treasury yield
      ✔ globalTotalAssets() returns treasury.totalValue() * 1e12
      ✔ globalSharePrice increases with strategy yield
    6. Performance fee accrual
      ✔ 20% performance fee accrues on yield above high-water mark
      ✔ No fees on principal recovery after loss (high-water mark)
      ✔ claimFees sends USDC to fee recipient
    7. SMUSD distributeYield() and 12h vesting
      ✔ distributeYield transfers mUSD and starts 12h vesting
      ✔ Local share price increases as yield vests
      ✔ distributeYield rejects amount exceeding MAX_YIELD_BPS (10%)
    8. User redeems smUSD at higher price after cooldown
      ✔ Alice redeems more mUSD than she deposited after yield + cooldown
      ✔ Redeem blocked before 24h cooldown
    9. Full lifecycle: deposit → manual deploy → yield → distribute → vest → redeem
      ✔ Complete E2E flow with 3 MetaVaults
    10. Multi-user proportional yield
      ✔ Two users share yield proportionally to their smUSD holdings
    11. Admin withdraws from strategy back to reserve
      ✔ withdrawFromStrategy pulls USDC back to Treasury reserve
    12. Vesting prevents sandwich attack
      ✔ Front-running deposit before distributeYield captures minimal yield

  YieldVerifier
    Deployment
      ✔ sets admin correctly
      ✔ starts with zero adapters
      ✔ reverts on zero admin address
    Adapter Registration
      ✔ registers adapter
      ✔ registers multiple adapters
      ✔ deactivates adapter
      ✔ reverts registration from unauthorized
    Verification
      ✔ verifies within tolerance
      ✔ quickVerify returns bool
      ✔ fails verification when APY deviates too much
      ✔ returns passed=false for unregistered adapter
    Batch Verification
      ✔ batch verifies multiple adapters
    Tolerance
      ✔ sets custom tolerance
      ✔ returns default tolerance for unset protocols
    Read Live
      ✔ reads live data from adapter
    Get Adapters
      ✔ returns all registered adapters


  2069 passing (50s)
  2 failing

  1) YieldDistributor — DirectMint Swap Path
       Share Price Integrity
         Should not distort globalSharePrice after distribution (0% fee):

      globalSharePrice should be non-zero after setup
      + expected - actual


      at Context.<anonymous> (test/YieldDistributor.test.ts:759:33)

  2) YieldDistributor — DirectMint Swap Path
       Share Price Integrity
         Should show minimal price impact with 1% fee:

      globalSharePrice should be non-zero
      + expected - actual


      at Context.<anonymous> (test/YieldDistributor.test.ts:791:33)



